******************************************************************************
                  TI ARM Linker Unix v5.2.4                    
******************************************************************************
>> Linked Sun Sep 18 23:36:07 2016

OUTPUT FILE NAME:   <rtos_rom.xem3>
ENTRY POINT SYMBOL: "_c_int00"  address: 0000121d


MEMORY CONFIGURATION

         name            origin    length      used     unused   attr    fill
----------------------  --------  ---------  --------  --------  ----  --------
  VECS                  00000000   00000100  0000003c  000000c4  R  X
  RTOS_FLASH            00000100   00000700  000004ca  00000236  R  X
  FLASH                 00000800   0001f000  00001420  0001dbe0  R  X
  FLASH_CCFG            0001ffa8   00000058  00000058  00000000  R  X
  RTOS_ROM              1001a000   00002c00  00002ab2  0000014e  R  X
  VRAM                  20000000   00000100  000000c8  00000038  RW X
  RTOS_SRAM             20000100   00000500  00000104  000003fc  RW X
  SRAM                  20000600   00004a00  00001c08  00002df8  RW X


SEGMENT ALLOCATION MAP

run origin  load origin   length   init length attrs members
----------  ----------- ---------- ----------- ----- -------
00000000    00000000    0000003c   0000003c    r--
  00000000    00000000    0000003c   0000003c    r-- .resetVecs
00000100    00000100    000004cc   000004cc    r--
  00000100    00000100    0000040f   0000040f    r-- .sysbios_rom_const
  00000510    00000510    0000006b   0000006b    r-- .sysbios_rom_const
  0000057c    0000057c    00000030   00000030    r-- .sysbios_rom_const
  000005ac    000005ac    00000020   00000020    r-- .sysbios_rom_const
00000800    00000800    00001420   00001420    r-x
  00000800    00000800    00000e34   00000e34    r-x .text
  00001634    00001634    00000318   00000318    r-x .bigc_text
  0000194c    0000194c    0000024c   0000024c    r-x .mangled_apis_text
  00001b98    00001b98    00000088   00000088    r-- .const
0001ffa8    0001ffa8    00000058   00000058    r--
  0001ffa8    0001ffa8    00000058   00000058    r-- .ccfg
1001a000    1001a000    00002ab2   00002ab2    r-x
  1001a000    1001a000    0000231c   0000231c    r-x .sysbios_rom_text
  1001c31c    1001c31c    00000590   00000590    r-x .sysbios_rom_text
  1001c8ac    1001c8ac    000001d4   000001d4    r-x .sysbios_rom_text
  1001ca80    1001ca80    0000002e   0000002e    r-x .sysbios_rom_text
  1001caae    1001caae    00000004   00000004    r-x .sysbios_rom_text
20000100    20000100    00000104   00000104    rw-
  20000100    20000100    000000f0   000000f0    rw- .sysbios_rom_data
  200001f0    200001f0    00000014   00000014    rw- .sysbios_rom_data
20000600    20000600    00000908   00000000    rw-
  20000600    20000600    00000908   00000000    rw- .bss
20000f08    20000f08    00000300   00000300    rw-
  20000f08    20000f08    00000300   00000300    rw- .data
20004000    20004000    00001000   00000000    rw-
  20004000    20004000    00001000   00000000    rw- .stack


SECTION ALLOCATION MAP

 output                                  attributes/
section   page    origin      length       input sections
--------  ----  ----------  ----------   ----------------
.text      0    00000800    00000e34     
                  00000800    000001f4     rtsv7M3_T_le_eabi.lib : ull_div_t2.obj (.text)
                  000009f4    00000130     driverlib.lib : setup_rom.obj (.text:NOROM_SetupAfterColdResetWakeupFromShutDownCfg3)
                  00000b24    000000e4                   : setup_rom.obj (.text:NOROM_SetupAfterColdResetWakeupFromShutDownCfg2)
                  00000c08    000000dc     CC26xx.obj (.text:main)
                  00000ce4    000000bc     driverlib.lib : setup.obj (.text:TrimAfterColdResetWakeupFromShutDown)
                  00000da0    000000a8                   : setup.obj (.text:NOROM_SetupTrimDevice)
                  00000e48    000000a0     auto_init.aem3 : auto_init.oem3 (.text)
                  00000ee8    00000078     driverlib.lib : setup_rom.obj (.text:NOROM_SetupAfterColdResetWakeupFromShutDownCfg1)
                  00000f60    00000070                   : chipinfo.obj (.text:NOROM_ChipInfo_GetHwRevision)
                  00000fd0    0000006c                   : setup_rom.obj (.text:NOROM_SetupGetTrimForAmpcompCtrl)
                  0000103c    00000068                   : setup_rom.obj (.text:NOROM_SetupGetTrimForAnabypassValue1)
                  000010a4    00000050                   : setup_rom.obj (.text:NOROM_SetupSetCacheModeAccordingToCcfgSetting)
                  000010f4    0000004c                   : osc.obj (.text:NOROM_OSCClockSourceSet)
                  00001140    0000004c     rtsv7M3_T_le_eabi.lib : cpy_tbl.obj (.text)
                  0000118c    00000048     driverlib.lib : chipinfo.obj (.text:NOROM_ChipInfo_GetChipFamily)
                  000011d4    00000048                   : ddi.obj (.text:NOROM_DDI16BitfieldWrite)
                  0000121c    00000044     boot.aem3 : boot.oem3 (.text)
                  00001260    00000044     rtsv7M3_T_le_eabi.lib : exit.obj (.text)
                  000012a4    00000040     driverlib.lib : ddi.obj (.text:NOROM_DDI16BitfieldRead)
                  000012e4    00000040                   : interrupt.obj (.text:NOROM_IntPendClear)
                  00001324    00000030                   : aon_event.obj (.text:NOROM_AONEventMcuWakeUpSet)
                  00001354    00000030                   : setup_rom.obj (.text:NOROM_SetupSetAonRtcSubSecInc)
                  00001384    0000002c                   : ddi.obj (.text:NOROM_DDI32RegWrite)
                  000013b0    0000002c                   : setup_rom.obj (.text:NOROM_SetupGetTrimForRadcExtCfg)
                  000013dc    00000020                   : setup_rom.obj (.text:NOROM_SetupGetTrimForXoscHfCtl)
                  000013fc    0000001c                   : osc.obj (.text:NOROM_OSCClockSourceGet)
                  00001418    0000001c                   : setup_rom.obj (.text:NOROM_SetupGetTrimForAmpcompTh2)
                  00001434    0000001c                   : setup_rom.obj (.text:NOROM_SetupGetTrimForRcOscLfRtuneCtuneTrim)
                  00001450    00000018                   : setup_rom.obj (.text:NOROM_SetupGetTrimForAdcShModeEn)
                  00001468    00000018                   : setup_rom.obj (.text:NOROM_SetupGetTrimForAdcShVbufEn)
                  00001480    00000018                   : setup_rom.obj (.text:NOROM_SetupGetTrimForAmpcompTh1)
                  00001498    00000018                   : setup_rom.obj (.text:NOROM_SetupGetTrimForDblrLoopFilterResetVoltage)
                  000014b0    00000018                   : setup_rom.obj (.text:NOROM_SetupGetTrimForRcOscLfIBiasTrim)
                  000014c8    00000018                   : setup_rom.obj (.text:NOROM_SetupGetTrimForXoscLfRegulatorAndCmirrwrRatio)
                  000014e0    00000018     rtsv7M3_T_le_eabi.lib : args_main.obj (.text)
                  000014f8    00000018                           : ll_mul_t2.obj (.text)
                  00001510    00000014     driverlib.lib : aon_rtc.obj (.text:NOROM_AONRTCCurrent64BitValueGet)
                  00001524    00000014                   : chipinfo.obj (.text:NOROM_ThisCodeIsBuiltForCC26xxHwRev22AndLater_HaltIfViolated)
                  00001538    00000014     rtsv7M3_T_le_eabi.lib : _lock.obj (.text)
                  0000154c    00000010     driverlib.lib : setup_rom.obj (.text:NOROM_SetupGetTrimForXoscHfFastStart)
                  0000155c    00000010                   : setup_rom.obj (.text:NOROM_SetupGetTrimForXoscHfIbiastherm)
                  0000156c    0000000c                   : cpu.obj (.text:NOROM_CPUcpsid)
                  00001578    0000000c                   : cpu.obj (.text:NOROM_CPUcpsie)
                  00001584    00000006     mangled_BIOS_rom.obj (.text:__xdc__init)
                  0000158a    00000002     CC26xx.obj (.text:smallErrorPolicy)
                  0000158c    00000008     mangled_BIOS_rom.obj (.tramp.xdc_runtime_System_exit__E.1)
                  00001594    00000008     CC26xx.obj (.tramp.memcpy.1)
                  0000159c    00000008     mangled_BIOS_rom.obj (.tramp.ti_sysbios_knl_Clock_start__E.1)
                  000015a4    00000008     mangled_BIOS_rom.obj (.tramp.ti_sysbios_knl_Semaphore_post__E.1)
                  000015ac    00000008     mangled_BIOS_rom.obj (.tramp.ti_sysbios_knl_Semaphore_pend__E.1)
                  000015b4    00000008     mangled_BIOS_rom.obj (.tramp.ti_sysbios_knl_Swi_construct.1)
                  000015bc    00000008     mangled_BIOS_rom.obj (.tramp.ti_sysbios_family_arm_m3_Hwi_construct.1)
                  000015c4    00000008     mangled_BIOS_rom.obj (.tramp.ti_sysbios_knl_Clock_construct.1)
                  000015cc    00000008     mangled_BIOS_rom.obj (.tramp.ti_sysbios_knl_Semaphore_construct.1)
                  000015d4    00000008     mangled_BIOS_rom.obj (.tramp.ti_sysbios_knl_Task_construct.1)
                  000015dc    00000008     mangled_BIOS_rom.obj (.tramp.ti_sysbios_knl_Swi_create.1)
                  000015e4    00000008     mangled_BIOS_rom.obj (.tramp.ti_sysbios_family_arm_m3_Hwi_create.1)
                  000015ec    00000008     mangled_BIOS_rom.obj (.tramp.ti_sysbios_knl_Clock_create.1)
                  000015f4    00000008     mangled_BIOS_rom.obj (.tramp.ti_sysbios_knl_Semaphore_create.1)
                  000015fc    00000008     mangled_BIOS_rom.obj (.tramp.ti_sysbios_knl_Task_create.1)
                  00001604    00000008     mangled_BIOS_rom.obj (.tramp.ti_sysbios_knl_Swi_Params__init__S.1)
                  0000160c    00000008     mangled_BIOS_rom.obj (.tramp.ti_sysbios_family_arm_m3_Hwi_Params__init__S.1)
                  00001614    00000008     mangled_BIOS_rom.obj (.tramp.ti_sysbios_knl_Semaphore_Params__init__S.1)
                  0000161c    00000008     mangled_BIOS_rom.obj (.tramp.ti_sysbios_knl_Clock_Params__init__S.1)
                  00001624    00000008     mangled_BIOS_rom.obj (.tramp.ti_sysbios_knl_Task_Params__init__S.1)
                  0000162c    00000008     mangled_BIOS_rom.obj (.tramp.ti_sysbios_BIOS_start__E.1)

.const     0    00001b98    00000088     
                  00001b98    00000048     CC26xx_pem3.obj (.const:.string)
                  00001be0    00000024     CC26xx_pem3.obj (.const:xdc_runtime_Startup_sfxnTab__A)
                  00001c04    00000012     CC26xx_pem3.obj (.const:xdc_runtime_Startup_sfxnRts__A)
                  00001c16    00000001     CC26xx_pem3.obj (.const:xdc_runtime_Text_charTab__A)
                  00001c17    00000001     --HOLE-- [fill = 0]
                  00001c18    00000008     CC26xx_pem3.obj (.const:xdc_runtime_Startup_firstFxns__A)

.cinit     0    00000800    00000000     UNINITIALIZED

.init_array 
*          0    00000800    00000000     UNINITIALIZED

.ccfg      0    0001ffa8    00000058     
                  0001ffa8    00000058     CC26xx_pem3.obj (.ccfg:retain)

.bss       0    20000600    00000908     UNINITIALIZED
                  20000600    00000800     CC26xx_pem3.obj (.bss:taskStackSection)
                  20000e00    000000c8     CC26xx_pem3.obj (.bss:ti_sysbios_family_arm_m3_Hwi_dispatchTable)
                  20000ec8    00000040     CC26xx_pem3.obj (.bss:ti_sysbios_heaps_HeapMem_Instance_State_0_buf__A)

.data      0    20000f08    00000300     
                  20000f08    000000f0     CC26xx_pem3.obj (.data)
                  20000ff8    00000080     CC26xx_pem3.obj (.data:ti_sysbios_knl_Swi_Module_State_0_readyQ__A)
                  20001078    00000080     CC26xx_pem3.obj (.data:ti_sysbios_knl_Task_Module_State_0_readyQ__A)
                  200010f8    0000004c     CC26xx_pem3.obj (.data:ti_sysbios_knl_Task_Object__table__V)
                  20001144    00000004     rtsv7M3_T_le_eabi.lib : stkdepth_vars.obj (.data)
                  20001148    00000048     CC26xx_pem3.obj (.data:ti_sysbios_family_arm_cc26xx_Timer_Object__table__V)
                  20001190    00000038     CC26xx_pem3.obj (.data:ti_sysbios_gates_GateMutex_Object__table__V)
                  200011c8    00000030     CC26xx_pem3.obj (.data:ti_sysbios_knl_Swi_Object__table__V)
                  200011f8    00000008     rtsv7M3_T_le_eabi.lib : _lock.obj (.data)
                  20001200    00000008                           : exit.obj (.data)

.stack     0    20004000    00001000     UNINITIALIZED
                  20004000    00001000     --HOLE--

.bootVecs 
*          0    00000000    00000008     DSECT
                  00000000    00000008     boot.aem3 : boot.oem3 (.bootVecs)

.resetVecs 
*          0    00000000    0000003c     
                  00000000    0000003c     CC26xx_pem3.obj (.resetVecs)

.sysbios_rom_const 
*          0    00000100    0000040f     
                  00000100    0000003c     CC26xx_pem3.obj (.const:ti_sysbios_knl_Task_Object__PARAMS__C)
                  0000013c    00000034     CC26xx_pem3.obj (.const:ti_sysbios_knl_Mailbox_Object__PARAMS__C)
                  00000170    00000030     CC26xx_pem3.obj (.const:ti_sysbios_family_arm_m3_Hwi_Object__PARAMS__C)
                  000001a0    0000002c     CC26xx_pem3.obj (.const:ti_sysbios_hal_Hwi_Object__PARAMS__C)
                  000001cc    00000028     CC26xx_pem3.obj (.const:ti_sysbios_heaps_HeapMem_Module__FXNS__C)
                  000001f4    00000028     CC26xx_pem3.obj (.const:ti_sysbios_knl_Swi_Object__PARAMS__C)
                  0000021c    00000024     CC26xx_pem3.obj (.const:ti_sysbios_gates_GateHwi_Module__FXNS__C)
                  00000240    00000024     CC26xx_pem3.obj (.const:ti_sysbios_gates_GateMutex_Module__FXNS__C)
                  00000264    00000024     CC26xx_pem3.obj (.const:ti_sysbios_heaps_HeapMem_Object__PARAMS__C)
                  00000288    00000024     CC26xx_pem3.obj (.const:ti_sysbios_knl_Clock_Object__PARAMS__C)
                  000002ac    00000024     CC26xx_pem3.obj (.const:ti_sysbios_knl_Semaphore_Object__PARAMS__C)
                  000002d0    00000020     CC26xx_pem3.obj (.const:ti_sysbios_family_arm_m3_Hwi_Object__DESC__C)
                  000002f0    00000020     CC26xx_pem3.obj (.const:ti_sysbios_gates_GateHwi_Object__DESC__C)
                  00000310    00000020     CC26xx_pem3.obj (.const:ti_sysbios_gates_GateMutex_Object__DESC__C)
                  00000330    00000020     CC26xx_pem3.obj (.const:ti_sysbios_hal_Hwi_Object__DESC__C)
                  00000350    00000020     CC26xx_pem3.obj (.const:ti_sysbios_heaps_HeapMem_Object__DESC__C)
                  00000370    00000020     CC26xx_pem3.obj (.const:ti_sysbios_knl_Clock_Object__DESC__C)
                  00000390    00000020     CC26xx_pem3.obj (.const:ti_sysbios_knl_Mailbox_Object__DESC__C)
                  000003b0    00000020     CC26xx_pem3.obj (.const:ti_sysbios_knl_Queue_Object__DESC__C)
                  000003d0    00000020     CC26xx_pem3.obj (.const:ti_sysbios_knl_Semaphore_Object__DESC__C)
                  000003f0    00000020     CC26xx_pem3.obj (.const:ti_sysbios_knl_Swi_Object__DESC__C)
                  00000410    00000020     CC26xx_pem3.obj (.const:ti_sysbios_knl_Task_Object__DESC__C)
                  00000430    00000018     CC26xx_pem3.obj (.const:ti_sysbios_gates_GateHwi_Object__PARAMS__C)
                  00000448    00000018     CC26xx_pem3.obj (.const:ti_sysbios_gates_GateMutex_Object__PARAMS__C)
                  00000460    00000018     CC26xx_pem3.obj (.const:ti_sysbios_knl_Queue_Object__PARAMS__C)
                  00000478    00000008     CC26xx_pem3.obj (.const:ti_sysbios_knl_Idle_funcList__C)
                  00000480    00000004     CC26xx_pem3.obj (.const:ti_sysbios_family_arm_cc26xx_Timer_startupNeeded__C)
                  00000484    00000004     CC26xx_pem3.obj (.const:ti_sysbios_family_arm_m3_Hwi_E_alreadyDefined__C)
                  00000488    00000004     CC26xx_pem3.obj (.const:ti_sysbios_family_arm_m3_Hwi_E_hwiLimitExceeded__C)
                  0000048c    00000004     CC26xx_pem3.obj (.const:ti_sysbios_family_arm_m3_Hwi_NUM_INTERRUPTS__C)
                  00000490    00000004     CC26xx_pem3.obj (.const:ti_sysbios_family_arm_m3_Hwi_Object__count__C)
                  00000494    00000004     CC26xx_pem3.obj (.const:ti_sysbios_family_arm_m3_Hwi_Object__table__C)
                  00000498    00000004     CC26xx_pem3.obj (.const:ti_sysbios_family_arm_m3_Hwi_ccr__C)
                  0000049c    00000004     CC26xx_pem3.obj (.const:ti_sysbios_family_arm_m3_Hwi_excHandlerFunc__C)
                  000004a0    00000004     CC26xx_pem3.obj (.const:ti_sysbios_family_arm_m3_Hwi_nullIsrFunc__C)
                  000004a4    00000004     CC26xx_pem3.obj (.const:ti_sysbios_family_arm_m3_Hwi_numSparseInterrupts__C)
                  000004a8    00000004     CC26xx_pem3.obj (.const:ti_sysbios_family_arm_m3_Hwi_priGroup__C)
                  000004ac    00000004     CC26xx_pem3.obj (.const:ti_sysbios_family_arm_m3_TaskSupport_stackAlignment__C)
                  000004b0    00000004     CC26xx_pem3.obj (.const:ti_sysbios_heaps_HeapMem_E_memory__C)
                  000004b4    00000004     CC26xx_pem3.obj (.const:ti_sysbios_heaps_HeapMem_Module__gateObj__C)
                  000004b8    00000004     CC26xx_pem3.obj (.const:ti_sysbios_heaps_HeapMem_Object__count__C)
                  000004bc    00000004     CC26xx_pem3.obj (.const:ti_sysbios_heaps_HeapMem_Object__table__C)
                  000004c0    00000004     CC26xx_pem3.obj (.const:ti_sysbios_heaps_HeapMem_reqAlign__C)
                  000004c4    00000004     CC26xx_pem3.obj (.const:ti_sysbios_knl_Clock_triggerClock__C)
                  000004c8    00000004     CC26xx_pem3.obj (.const:ti_sysbios_knl_Mailbox_Object__count__C)
                  000004cc    00000004     CC26xx_pem3.obj (.const:ti_sysbios_knl_Mailbox_Object__table__C)
                  000004d0    00000004     CC26xx_pem3.obj (.const:ti_sysbios_knl_Mailbox_maxTypeAlign__C)
                  000004d4    00000004     CC26xx_pem3.obj (.const:ti_sysbios_knl_Queue_Object__count__C)
                  000004d8    00000004     CC26xx_pem3.obj (.const:ti_sysbios_knl_Queue_Object__table__C)
                  000004dc    00000004     CC26xx_pem3.obj (.const:ti_sysbios_knl_Swi_Object__count__C)
                  000004e0    00000004     CC26xx_pem3.obj (.const:ti_sysbios_knl_Swi_Object__table__C)
                  000004e4    00000004     CC26xx_pem3.obj (.const:ti_sysbios_knl_Swi_numPriorities__C)
                  000004e8    00000004     CC26xx_pem3.obj (.const:ti_sysbios_knl_Task_Object__count__C)
                  000004ec    00000004     CC26xx_pem3.obj (.const:ti_sysbios_knl_Task_Object__table__C)
                  000004f0    00000004     CC26xx_pem3.obj (.const:ti_sysbios_knl_Task_allBlockedFunc__C)
                  000004f4    00000004     CC26xx_pem3.obj (.const:ti_sysbios_knl_Task_defaultStackHeap__C)
                  000004f8    00000004     CC26xx_pem3.obj (.const:ti_sysbios_knl_Task_defaultStackSize__C)
                  000004fc    00000004     CC26xx_pem3.obj (.const:ti_sysbios_knl_Task_numConstructedTasks__C)
                  00000500    00000002     CC26xx_pem3.obj (.const:ti_sysbios_family_arm_cc26xx_Timer_Module__id__C)
                  00000502    00000002     CC26xx_pem3.obj (.const:ti_sysbios_family_arm_cc26xx_TimestampProvider_useClockTimer__C)
                  00000504    00000002     CC26xx_pem3.obj (.const:ti_sysbios_family_arm_m3_Hwi_Module__id__C)
                  00000506    00000002     CC26xx_pem3.obj (.const:ti_sysbios_gates_GateHwi_Module__id__C)
                  00000508    00000002     CC26xx_pem3.obj (.const:ti_sysbios_gates_GateMutex_Module__id__C)
                  0000050a    00000002     CC26xx_pem3.obj (.const:ti_sysbios_heaps_HeapMem_Module__id__C)
                  0000050c    00000002     CC26xx_pem3.obj (.const:ti_sysbios_knl_Task_initStackFlag__C)
                  0000050e    00000001     CC26xx_pem3.obj (.const:ti_sysbios_knl_Clock_tickMode__C)

.sysbios_rom_const 
*          0    00000510    0000006b     
                  00000510    00000008     CC26xx_pem3.obj (.const:xdc_runtime_Startup_firstFxns__C)
                  00000518    00000008     CC26xx_pem3.obj (.const:xdc_runtime_Startup_lastFxns__C)
                  00000520    00000004     CC26xx_pem3.obj (.const:xdc_runtime_Assert_E_assertFailed__C)
                  00000524    00000004     CC26xx_pem3.obj (.const:xdc_runtime_Error_E_memory__C)
                  00000528    00000004     CC26xx_pem3.obj (.const:xdc_runtime_Error_policyFxn__C)
                  0000052c    00000004     CC26xx_pem3.obj (.const:xdc_runtime_IGateProvider_Interface__BASE__C)
                  00000530    00000004     CC26xx_pem3.obj (.const:xdc_runtime_IHeap_Interface__BASE__C)
                  00000534    00000004     CC26xx_pem3.obj (.const:xdc_runtime_IModule_Interface__BASE__C)
                  00000538    00000004     CC26xx_pem3.obj (.const:xdc_runtime_Memory_defaultHeapInstance__C)
                  0000053c    00000004     CC26xx_pem3.obj (.const:xdc_runtime_Startup_execImpl__C)
                  00000540    00000004     CC26xx_pem3.obj (.const:xdc_runtime_Startup_maxPasses__C)
                  00000544    00000004     CC26xx_pem3.obj (.const:xdc_runtime_Startup_sfxnRts__C)
                  00000548    00000004     CC26xx_pem3.obj (.const:xdc_runtime_Startup_sfxnTab__C)
                  0000054c    00000004     CC26xx_pem3.obj (.const:xdc_runtime_Startup_startModsFxn__C)
                  00000550    00000004     CC26xx_pem3.obj (.const:xdc_runtime_SysCallback_abortFxn__C)
                  00000554    00000004     CC26xx_pem3.obj (.const:xdc_runtime_SysCallback_exitFxn__C)
                  00000558    00000004     CC26xx_pem3.obj (.const:xdc_runtime_System_abortFxn__C)
                  0000055c    00000004     CC26xx_pem3.obj (.const:xdc_runtime_System_exitFxn__C)
                  00000560    00000004     CC26xx_pem3.obj (.const:xdc_runtime_System_maxAtexitHandlers__C)
                  00000564    00000004     CC26xx_pem3.obj (.const:xdc_runtime_Text_charTab__C)
                  00000568    00000004     CC26xx_pem3.obj (.const:xdc_runtime_Text_nameEmpty__C)
                  0000056c    00000004     CC26xx_pem3.obj (.const:xdc_runtime_Text_nameStatic__C)
                  00000570    00000004     CC26xx_pem3.obj (.const:xdc_runtime_Text_nameUnknown__C)
                  00000574    00000002     CC26xx_pem3.obj (.const:xdc_runtime_Memory_Module__id__C)
                  00000576    00000002     CC26xx_pem3.obj (.const:xdc_runtime_Text_charCnt__C)
                  00000578    00000002     CC26xx_pem3.obj (.const:xdc_runtime_Text_isLoaded__C)
                  0000057a    00000001     CC26xx_pem3.obj (.const:xdc_runtime_Error_policy__C)

.sysbios_rom_const 
*          0    0000057c    00000030     
                  0000057c    00000004     CC26xx_pem3.obj (.const:ti_sysbios_rom_ROM_AONRTCCurrentCompareValueGet)
                  00000580    00000004     CC26xx_pem3.obj (.const:ti_sysbios_rom_ROM_ti_sysbios_family_arm_cc26xx_Timer_getCount64__E)
                  00000584    00000004     CC26xx_pem3.obj (.const:ti_sysbios_rom_ROM_ti_sysbios_family_arm_cc26xx_Timer_getCurrentTick__E)
                  00000588    00000004     CC26xx_pem3.obj (.const:ti_sysbios_rom_ROM_ti_sysbios_family_arm_cc26xx_Timer_getMaxTicks__E)
                  0000058c    00000004     CC26xx_pem3.obj (.const:ti_sysbios_rom_ROM_ti_sysbios_family_arm_cc26xx_Timer_initDevice__I)
                  00000590    00000004     CC26xx_pem3.obj (.const:ti_sysbios_rom_ROM_ti_sysbios_family_arm_cc26xx_Timer_setNextTick__E)
                  00000594    00000004     CC26xx_pem3.obj (.const:ti_sysbios_rom_ROM_ti_sysbios_family_arm_cc26xx_Timer_setThreshold__I)
                  00000598    00000004     CC26xx_pem3.obj (.const:ti_sysbios_rom_ROM_ti_sysbios_family_arm_cc26xx_Timer_start__E)
                  0000059c    00000004     CC26xx_pem3.obj (.const:ti_sysbios_rom_ROM_ti_sysbios_family_arm_cc26xx_TimestampProvider_get32__E)
                  000005a0    00000004     CC26xx_pem3.obj (.const:ti_sysbios_rom_ROM_xdc_runtime_Startup_getState__I)
                  000005a4    00000004     CC26xx_pem3.obj (.const:ti_sysbios_rom_ROM_xdc_runtime_System_SupportProxy_abort__E)
                  000005a8    00000004     CC26xx_pem3.obj (.const:ti_sysbios_rom_ROM_xdc_runtime_System_SupportProxy_exit__E)

.sysbios_rom_const 
*          0    000005ac    00000020     
                  000005ac    00000004     CC26xx_pem3.obj (.const:ti_sysbios_gates_GateMutex_Instance_State_sem__O)
                  000005b0    00000004     CC26xx_pem3.obj (.const:ti_sysbios_knl_Clock_Module_State_clockQ__O)
                  000005b4    00000004     CC26xx_pem3.obj (.const:ti_sysbios_knl_Mailbox_Instance_State_dataQue__O)
                  000005b8    00000004     CC26xx_pem3.obj (.const:ti_sysbios_knl_Mailbox_Instance_State_dataSem__O)
                  000005bc    00000004     CC26xx_pem3.obj (.const:ti_sysbios_knl_Mailbox_Instance_State_freeQue__O)
                  000005c0    00000004     CC26xx_pem3.obj (.const:ti_sysbios_knl_Mailbox_Instance_State_freeSem__O)
                  000005c4    00000004     CC26xx_pem3.obj (.const:ti_sysbios_knl_Semaphore_Instance_State_pendQ__O)
                  000005c8    00000004     CC26xx_pem3.obj (.const:ti_sysbios_knl_Task_Module_State_inactiveQ__O)

.bigc_text 
*          0    00001634    00000318     
                  00001634    0000008c     CC26xx_pem3.obj (.text:xdc_runtime_Startup_getState__I)
                  000016c0    00000030     CC26xx_pem3.obj (.text:ti_sysbios_BIOS_atExitFunc__I)
                  000016f0    00000030     CC26xx_pem3.obj (.text:ti_sysbios_BIOS_rtsLock__I)
                  00001720    00000030     CC26xx_pem3.obj (.text:ti_sysbios_BIOS_startFunc__I)
                  00001750    0000002c     CC26xx_pem3.obj (.text:ti_sysbios_BIOS_rtsUnlock__I)
                  0000177c    00000024     CC26xx_pem3.obj (.text:ti_sysbios_BIOS_registerRTSLock__I)
                  000017a0    00000020     CC26xx_pem3.obj (.text:ti_sysbios_BIOS_removeRTSLock__I)
                  000017c0    0000001c     CC26xx_pem3.obj (.text:ti_sysbios_rom_cortexm_cc26xx_CC26xx_checkRevision__E)
                  000017dc    00000018     CC26xx_pem3.obj (.text:ti_sysbios_knl_Clock_doTick__I)
                  000017f4    00000018     CC26xx_pem3.obj (.text:xdc_runtime_Startup_exec__I)
                  0000180c    00000016     CC26xx_pem3.obj (.text:ti_sysbios_BIOS_exitFunc__I)
                  00001822    00000002     CC26xx_pem3.obj (.text:ti_sysbios_BIOS_nullFunc__I)
                  00001824    0000000c     CC26xx_pem3.obj (.text:ti_sysbios_family_arm_cc26xx_Timer_dynamicStub__E)
                  00001830    0000000c     CC26xx_pem3.obj (.text:ti_sysbios_family_arm_cc26xx_Timer_getCount64__E)
                  0000183c    0000000c     CC26xx_pem3.obj (.text:ti_sysbios_family_arm_cc26xx_Timer_getCurrentTick__E)
                  00001848    0000000c     CC26xx_pem3.obj (.text:ti_sysbios_family_arm_cc26xx_Timer_getMaxTicks__E)
                  00001854    0000000c     CC26xx_pem3.obj (.text:ti_sysbios_family_arm_cc26xx_Timer_initDevice__I)
                  00001860    0000000c     CC26xx_pem3.obj (.text:ti_sysbios_family_arm_cc26xx_Timer_setNextTick__E)
                  0000186c    0000000c     CC26xx_pem3.obj (.text:ti_sysbios_family_arm_cc26xx_Timer_setThreshold__I)
                  00001878    0000000c     CC26xx_pem3.obj (.text:ti_sysbios_family_arm_cc26xx_Timer_start__E)
                  00001884    0000000c     CC26xx_pem3.obj (.text:ti_sysbios_family_arm_cc26xx_TimestampProvider_get32__E)
                  00001890    0000000c     CC26xx_pem3.obj (.text:ti_sysbios_knl_Clock_workFuncDynamic__E)
                  0000189c    0000000c     CC26xx_pem3.obj (.text:xdc_runtime_Startup_reset__I)
                  000018a8    0000000c     CC26xx_pem3.obj (.text:xdc_runtime_System_SupportProxy_abort__E)
                  000018b4    0000000c     CC26xx_pem3.obj (.text:xdc_runtime_System_SupportProxy_exit__E)
                  000018c0    00000002     CC26xx_pem3.obj (.text:ti_sysbios_rom_cortexm_cc26xx_CC26xx_badRomRevision__E)
                  000018c2    00000002     --HOLE-- [fill = 0]
                  000018c4    00000008     mangled_BIOS_rom.obj (.tramp.xdc_runtime_SysCallback_exit__E.1)
                  000018cc    00000008     mangled_BIOS_rom.obj (.tramp.xdc_runtime_SysCallback_abort__E.1)
                  000018d4    00000008     mangled_BIOS_rom.obj (.tramp.xdc_runtime_System_exit__E.2)
                  000018dc    00000008     mangled_BIOS_rom.obj (.tramp.ti_sysbios_knl_Swi_post__E.1)
                  000018e4    00000008     mangled_BIOS_rom.obj (.tramp.ti_sysbios_knl_Clock_logTick__E.1)
                  000018ec    00000008     mangled_BIOS_rom.obj (.tramp.ti_sysbios_BIOS_RtsGateProxy_leave__E.1)
                  000018f4    00000008     mangled_BIOS_rom.obj (.tramp.ti_sysbios_knl_Task_startup__E.1)
                  000018fc    00000008     mangled_BIOS_rom.obj (.tramp.ti_sysbios_knl_Swi_startup__E.1)
                  00001904    00000008     mangled_BIOS_rom.obj (.tramp.ti_sysbios_hal_Hwi_startup__E.1)
                  0000190c    00000008     mangled_BIOS_rom.obj (.tramp.ti_sysbios_family_arm_cc26xx_Timer_startup__E.1)
                  00001914    00000008     mangled_BIOS_rom.obj (.tramp.xdc_runtime_System_atexit__E.1)
                  0000191c    00000008     mangled_BIOS_rom.obj (.tramp.ti_sysbios_BIOS_linkedWithIncorrectBootLibrary__E.1)
                  00001924    00000008     mangled_BIOS_rom.obj (.tramp.xdc_runtime_Startup_rtsDone__E.1)
                  0000192c    00000008     mangled_BIOS_rom.obj (.tramp.ti_sysbios_BIOS_RtsGateProxy_enter__E.1)
                  00001934    00000008     mangled_BIOS_rom.obj (.tramp.ti_sysbios_BIOS_setThreadType__E.1)
                  0000193c    00000008     mangled_BIOS_rom.obj (.tramp.ti_sysbios_knl_Task_disable__E.1)
                  00001944    00000008     mangled_BIOS_rom.obj (.tramp.ti_sysbios_knl_Swi_disable__E.1)

.mangled_apis_text 
*          0    0000194c    0000024c     
                  0000194c    00000098     mangled_BIOS_rom.obj (.text:ti_sysbios_knl_Clock_workFuncDynamic__E__mangled__)
                  000019e4    00000058     mangled_BIOS_rom.obj (.text:ti_sysbios_family_arm_cc26xx_Timer_start__E__mangled__)
                  00001a3c    00000040     mangled_BIOS_rom.obj (.text:ti_sysbios_family_arm_cc26xx_Timer_getCurrentTick__E__mangled__)
                  00001a7c    00000040     mangled_BIOS_rom.obj (.text:ti_sysbios_family_arm_cc26xx_Timer_setNextTick__E__mangled__)
                  00001abc    00000038     mangled_BIOS_rom.obj (.text:ti_sysbios_family_arm_cc26xx_Timer_setThreshold__I__mangled__)
                  00001af4    00000028     mangled_BIOS_rom.obj (.text:ti_sysbios_family_arm_cc26xx_Timer_getMaxTicks__E__mangled__)
                  00001b1c    00000028     mangled_BIOS_rom.obj (.text:ti_sysbios_family_arm_cc26xx_Timer_initDevice__I__mangled__)
                  00001b44    0000001c     mangled_BIOS_rom.obj (.text:ti_sysbios_family_arm_cc26xx_Timer_dynamicStub__E__mangled__)
                  00001b60    0000001c     mangled_BIOS_rom.obj (.text:ti_sysbios_family_arm_cc26xx_TimestampProvider_get32__E__mangled__)
                  00001b7c    00000004     mangled_BIOS_rom.obj (.text:ti_sysbios_family_arm_cc26xx_Timer_getCount64__E__mangled__)
                  00001b80    00000008     mangled_BIOS_rom.obj (.tramp.ti_sysbios_knl_Clock_scheduleNextTick__E.1)
                  00001b88    00000008     mangled_BIOS_rom.obj (.tramp.ti_sysbios_knl_Clock_walkQueueDynamic__E.1)
                  00001b90    00000008     mangled_BIOS_rom.obj (.tramp.ti_sysbios_knl_Clock_TimerProxy_getCurrentTick__E.1)

.sysbios_rom_text 
*          0    1001a000    0000231c     
                  1001a000    000000cc     mangled_BIOS_rom.obj (.text:ti_sysbios_knl_Semaphore_pend__E)
                  1001a0cc    000000cc     mangled_BIOS_rom.obj (.text:ti_sysbios_knl_Task_Instance_init__E)
                  1001a198    000000c8     mangled_BIOS_rom.obj (.text:ti_sysbios_knl_Mailbox_Instance_init__E)
                  1001a260    000000b0     mangled_BIOS_rom.obj (.text:ti_sysbios_family_arm_m3_Hwi_postInit__I)
                  1001a310    0000009c     mangled_BIOS_rom.obj (.text:ti_sysbios_family_arm_cc26xx_Timer_periodicStub__E)
                  1001a3ac    00000098     mangled_BIOS_rom.obj (.text:ti_sysbios_family_arm_m3_Hwi_Instance_init__E)
                  1001a444    00000094     mangled_BIOS_rom.obj (.text:ti_sysbios_knl_Task_Instance_finalize__E)
                  1001a4d8    00000084     mangled_BIOS_rom.obj (.text:ti_sysbios_knl_Mailbox_post__E)
                  1001a55c    00000080     mangled_BIOS_rom.obj (.text:ti_sysbios_family_arm_m3_Hwi_initNVIC__E)
                  1001a5dc    00000080     mangled_BIOS_rom.obj (.text:ti_sysbios_knl_Clock_startI__E)
                  1001a65c    00000080     mangled_BIOS_rom.obj (.text:ti_sysbios_knl_Task_postInit__I)
                  1001a6dc    00000078     mangled_BIOS_rom.obj (.text:ti_sysbios_knl_Clock_walkQueueDynamic__E)
                  1001a754    00000078     mangled_BIOS_rom.obj (.text:ti_sysbios_knl_Clock_workFunc__E)
                  1001a7cc    00000070     mangled_BIOS_rom.obj (.text:ti_sysbios_knl_Mailbox_Instance_finalize__E)
                  1001a83c    00000070     mangled_BIOS_rom.obj (.text:ti_sysbios_knl_Mailbox_pend__E)
                  1001a8ac    00000070     mangled_BIOS_rom.obj (.text:ti_sysbios_knl_Task_sleep__E)
                  1001a91c    0000006e     mangled_BIOS_rom.obj (.text:ti_sysbios_heaps_HeapMem_allocUnprotected__E)
                  1001a98a    00000002     mangled_BIOS_rom.obj (.text:ti_sysbios_BIOS_linkedWithIncorrectBootLibrary__E)
                  1001a98c    00000068     mangled_BIOS_rom.obj (.text:ti_sysbios_knl_Swi_restoreHwi__E)
                  1001a9f4    00000064     mangled_BIOS_rom.obj (.text:ti_sysbios_family_arm_m3_Hwi_Instance_finalize__E)
                  1001aa58    00000064     mangled_BIOS_rom.obj (.text:ti_sysbios_family_arm_m3_Hwi_Object__create__S)
                  1001aabc    00000064     mangled_BIOS_rom.obj (.text:ti_sysbios_family_arm_m3_Hwi_dispatchC__I)
                  1001ab20    00000064     mangled_BIOS_rom.obj (.text:ti_sysbios_hal_Hwi_create)
                  1001ab84    00000064     mangled_BIOS_rom.obj (.text:ti_sysbios_knl_Semaphore_post__E)
                  1001abe8    00000060     mangled_BIOS_rom.obj (.text:ti_sysbios_family_arm_m3_Hwi_create)
                  1001ac48    00000060     mangled_BIOS_rom.obj (.text:ti_sysbios_knl_Mailbox_create)
                  1001aca8    00000060     mangled_BIOS_rom.obj (.text:ti_sysbios_knl_Swi_Instance_init__E)
                  1001ad08    0000005c     mangled_BIOS_rom.obj (.text:ti_sysbios_knl_Task_Module_startup__E)
                  1001ad64    0000005c     mangled_BIOS_rom.obj (.text:ti_sysbios_knl_Task_startCore__E)
                  1001adc0    00000058     mangled_BIOS_rom.obj (.text:ti_sysbios_family_arm_m3_Hwi_construct)
                  1001ae18    00000058     mangled_BIOS_rom.obj (.text:ti_sysbios_heaps_HeapMem_alloc__E)
                  1001ae70    00000058     mangled_BIOS_rom.obj (.text:ti_sysbios_heaps_HeapMem_freeUnprotected__E)
                  1001aec8    00000058     mangled_BIOS_rom.obj (.text:ti_sysbios_knl_Mailbox_construct)
                  1001af20    00000058     mangled_BIOS_rom.obj (.text:ti_sysbios_knl_Swi_create)
                  1001af78    00000058     mangled_BIOS_rom.obj (.text:ti_sysbios_knl_Swi_run__I)
                  1001afd0    00000058     mangled_BIOS_rom.obj (.text:ti_sysbios_knl_Task_create)
                  1001b028    00000054     mangled_BIOS_rom.obj (.text:ti_sysbios_knl_Swi_schedule__I)
                  1001b07c    00000050     mangled_BIOS_rom.obj (.text:ti_sysbios_knl_Swi_construct)
                  1001b0cc    00000050     mangled_BIOS_rom.obj (.text:ti_sysbios_knl_Swi_runLoop__I)
                  1001b11c    00000050     mangled_BIOS_rom.obj (.text:ti_sysbios_knl_Task_construct)
                  1001b16c    0000004c     mangled_BIOS_rom.obj (.text:ti_sysbios_knl_Task_schedule__I)
                  1001b1b8    00000048     mangled_BIOS_rom.obj (.text:ti_sysbios_family_arm_m3_Hwi_Module_startup__E)
                  1001b200    00000048     mangled_BIOS_rom.obj (.text:ti_sysbios_heaps_HeapMem_getStats__E)
                  1001b248    00000044     mangled_BIOS_rom.obj (.text:ti_sysbios_family_arm_m3_Hwi_disableInterrupt__E)
                  1001b28c    00000044     mangled_BIOS_rom.obj (.text:ti_sysbios_family_arm_m3_Hwi_enableInterrupt__E)
                  1001b2d0    00000044     mangled_BIOS_rom.obj (.text:ti_sysbios_knl_Mailbox_Module_startup__E)
                  1001b314    00000044     mangled_BIOS_rom.obj (.text:ti_sysbios_knl_Swi_post__E)
                  1001b358    00000044     mangled_BIOS_rom.obj (.text:ti_sysbios_knl_Task_allBlockedFunction__I)
                  1001b39c    00000040     mangled_BIOS_rom.obj (.text:ti_sysbios_family_arm_m3_Hwi_getStackInfo__E)
                  1001b3dc    00000040     mangled_BIOS_rom.obj (.text:ti_sysbios_knl_Task_yield__E)
                  1001b41c    0000003a     mangled_BIOS_rom.obj (.text:ti_sysbios_knl_Task_exit__E)
                  1001b456    00000002     mangled_BIOS_rom.obj (.text:ti_sysbios_gates_GateHwi_Instance_init__E)
                  1001b458    00000038     mangled_BIOS_rom.obj (.text:ti_sysbios_family_arm_m3_TaskSupport_start__E)
                  1001b490    00000038     mangled_BIOS_rom.obj (.text:ti_sysbios_heaps_HeapMem_Instance_init__E)
                  1001b4c8    00000038     mangled_BIOS_rom.obj (.text:ti_sysbios_knl_Clock_Instance_init__E)
                  1001b500    00000038     mangled_BIOS_rom.obj (.text:ti_sysbios_knl_Clock_create)
                  1001b538    00000034     mangled_BIOS_rom.obj (.text:ti_sysbios_heaps_HeapMem_init__I)
                  1001b56c    00000034     mangled_BIOS_rom.obj (.text:ti_sysbios_knl_Clock_construct)
                  1001b5a0    00000034     mangled_BIOS_rom.obj (.text:ti_sysbios_knl_Clock_getTicks__E)
                  1001b5d4    00000034     mangled_BIOS_rom.obj (.text:ti_sysbios_knl_Semaphore_create)
                  1001b608    00000034     mangled_BIOS_rom.obj (.text:ti_sysbios_knl_Swi_restore__E)
                  1001b63c    00000034     mangled_BIOS_rom.obj (.text:ti_sysbios_knl_Task_blockI__E)
                  1001b670    00000030     mangled_BIOS_rom.obj (.text:ti_sysbios_gates_GateMutex_Object__create__S)
                  1001b6a0    00000030     mangled_BIOS_rom.obj (.text:ti_sysbios_gates_GateMutex_create)
                  1001b6d0    00000030     mangled_BIOS_rom.obj (.text:ti_sysbios_gates_GateMutex_enter__E)
                  1001b700    00000030     mangled_BIOS_rom.obj (.text:ti_sysbios_heaps_HeapMem_free__E)
                  1001b730    00000030     mangled_BIOS_rom.obj (.text:ti_sysbios_knl_Semaphore_construct)
                  1001b760    00000030     mangled_BIOS_rom.obj (.text:ti_sysbios_knl_Task_processVitalTaskFlag__I)
                  1001b790    0000002c     mangled_BIOS_rom.obj (.text:ti_sysbios_family_arm_cc26xx_Timer_postInit__I)
                  1001b7bc    0000002c     mangled_BIOS_rom.obj (.text:ti_sysbios_family_arm_cc26xx_Timer_startup__E)
                  1001b7e8    0000002c     mangled_BIOS_rom.obj (.text:ti_sysbios_family_arm_m3_Hwi_Object__get__S)
                  1001b814    0000002c     mangled_BIOS_rom.obj (.text:ti_sysbios_gates_GateMutex_construct)
                  1001b840    0000002c     mangled_BIOS_rom.obj (.text:ti_sysbios_hal_Hwi_initStack)
                  1001b86c    0000002c     mangled_BIOS_rom.obj (.text:ti_sysbios_heaps_HeapMem_Object__create__S)
                  1001b898    0000002c     mangled_BIOS_rom.obj (.text:ti_sysbios_heaps_HeapMem_Object__get__S)
                  1001b8c4    0000002c     mangled_BIOS_rom.obj (.text:ti_sysbios_knl_Mailbox_Object__get__S)
                  1001b8f0    0000002c     mangled_BIOS_rom.obj (.text:ti_sysbios_knl_Mailbox_postInit__I)
                  1001b91c    0000002c     mangled_BIOS_rom.obj (.text:ti_sysbios_knl_Queue_construct)
                  1001b948    0000002c     mangled_BIOS_rom.obj (.text:ti_sysbios_knl_Queue_create)
                  1001b974    0000002c     mangled_BIOS_rom.obj (.text:ti_sysbios_knl_Semaphore_pendTimeout__I)
                  1001b9a0    0000002c     mangled_BIOS_rom.obj (.text:ti_sysbios_knl_Swi_Object__get__S)
                  1001b9cc    0000002c     mangled_BIOS_rom.obj (.text:ti_sysbios_knl_Task_unblockI__E)
                  1001b9f8    00000028     mangled_BIOS_rom.obj (.text:ti_sysbios_family_arm_cc26xx_TimestampProvider_get64__E)
                  1001ba20    00000028     mangled_BIOS_rom.obj (.text:ti_sysbios_knl_Clock_addI__E)
                  1001ba48    00000028     mangled_BIOS_rom.obj (.text:ti_sysbios_knl_Task_restore__E)
                  1001ba70    00000026     mangled_BIOS_rom.obj (.text:ti_sysbios_hal_Hwi_Instance_init__E)
                  1001ba96    00000002     mangled_BIOS_rom.obj (.text:ti_sysbios_knl_Clock_logTick__E)
                  1001ba98    00000024     mangled_BIOS_rom.obj (.text:ti_sysbios_family_arm_cc26xx_Timer_Module_startup__E)
                  1001babc    00000024     mangled_BIOS_rom.obj (.text:ti_sysbios_gates_GateHwi_Object__create__S)
                  1001bae0    00000024     mangled_BIOS_rom.obj (.text:ti_sysbios_gates_GateMutex_Object__delete__S)
                  1001bb04    00000024     mangled_BIOS_rom.obj (.text:ti_sysbios_knl_Clock_Object__delete__S)
                  1001bb28    00000024     mangled_BIOS_rom.obj (.text:ti_sysbios_knl_Semaphore_Instance_init__E)
                  1001bb4c    00000024     mangled_BIOS_rom.obj (.text:ti_sysbios_knl_Semaphore_Object__delete__S)
                  1001bb70    00000020     mangled_BIOS_rom.obj (.text:ti_sysbios_family_arm_cc26xx_Timer_Module__startupDone__S)
                  1001bb90    00000020     mangled_BIOS_rom.obj (.text:ti_sysbios_family_arm_cc26xx_TimestampProvider_Module_startup__E)
                  1001bbb0    00000020     mangled_BIOS_rom.obj (.text:ti_sysbios_family_arm_m3_Hwi_Module__startupDone__S)
                  1001bbd0    00000020     mangled_BIOS_rom.obj (.text:ti_sysbios_family_arm_m3_Hwi_Object__delete__S)
                  1001bbf0    00000020     mangled_BIOS_rom.obj (.text:ti_sysbios_family_arm_m3_Hwi_excHandler__I)
                  1001bc10    00000020     mangled_BIOS_rom.obj (.text:ti_sysbios_gates_GateHwi_Handle__label__S)
                  1001bc30    00000020     mangled_BIOS_rom.obj (.text:ti_sysbios_gates_GateHwi_Object__delete__S)
                  1001bc50    00000020     mangled_BIOS_rom.obj (.text:ti_sysbios_gates_GateMutex_Handle__label__S)
                  1001bc70    00000020     mangled_BIOS_rom.obj (.text:ti_sysbios_gates_GateMutex_Object__destruct__S)
                  1001bc90    00000020     mangled_BIOS_rom.obj (.text:ti_sysbios_hal_Hwi_Object__delete__S)
                  1001bcb0    00000020     mangled_BIOS_rom.obj (.text:ti_sysbios_heaps_HeapMem_Handle__label__S)
                  1001bcd0    00000020     mangled_BIOS_rom.obj (.text:ti_sysbios_heaps_HeapMem_Object__delete__S)
                  1001bcf0    00000020     mangled_BIOS_rom.obj (.text:ti_sysbios_knl_Clock_Module_startup__E)
                  1001bd10    00000020     mangled_BIOS_rom.obj (.text:ti_sysbios_knl_Clock_Object__destruct__S)
                  1001bd30    00000020     mangled_BIOS_rom.obj (.text:ti_sysbios_knl_Clock_stop__E)
                  1001bd50    00000020     mangled_BIOS_rom.obj (.text:ti_sysbios_knl_Idle_run__E)
                  1001bd70    00000020     mangled_BIOS_rom.obj (.text:ti_sysbios_knl_Mailbox_Object__delete__S)
                  1001bd90    00000020     mangled_BIOS_rom.obj (.text:ti_sysbios_knl_Queue_Object__delete__S)
                  1001bdb0    00000020     mangled_BIOS_rom.obj (.text:ti_sysbios_knl_Queue_Object__get__S)
                  1001bdd0    00000020     mangled_BIOS_rom.obj (.text:ti_sysbios_knl_Semaphore_Object__destruct__S)
                  1001bdf0    00000020     mangled_BIOS_rom.obj (.text:ti_sysbios_knl_Swi_Object__delete__S)
                  1001be10    00000020     mangled_BIOS_rom.obj (.text:ti_sysbios_knl_Task_Object__delete__S)
                  1001be30    00000020     mangled_BIOS_rom.obj (.text:ti_sysbios_knl_Task_Object__get__S)
                  1001be50    00000020     mangled_BIOS_rom.obj (.text:ti_sysbios_knl_Task_restoreHwi__E)
                  1001be70    0000001c     mangled_BIOS_rom.obj (.text:ti_sysbios_family_arm_m3_Hwi_Object__destruct__S)
                  1001be8c    0000001c     mangled_BIOS_rom.obj (.text:ti_sysbios_family_arm_m3_Hwi_setPriority__E)
                  1001bea8    0000001c     mangled_BIOS_rom.obj (.text:ti_sysbios_gates_GateMutex_Instance_init__E)
                  1001bec4    0000001c     mangled_BIOS_rom.obj (.text:ti_sysbios_hal_Hwi_HwiProxy_create)
                  1001bee0    0000001c     mangled_BIOS_rom.obj (.text:ti_sysbios_knl_Clock_scheduleNextTick__E)
                  1001befc    0000001c     mangled_BIOS_rom.obj (.text:ti_sysbios_knl_Mailbox_Object__destruct__S)
                  1001bf18    0000001c     mangled_BIOS_rom.obj (.text:ti_sysbios_knl_Queue_Object__destruct__S)
                  1001bf34    0000001c     mangled_BIOS_rom.obj (.text:ti_sysbios_knl_Queue_get__E)
                  1001bf50    0000001c     mangled_BIOS_rom.obj (.text:ti_sysbios_knl_Queue_put__E)
                  1001bf6c    0000001c     mangled_BIOS_rom.obj (.text:ti_sysbios_knl_Swi_Object__destruct__S)
                  1001bf88    0000001c     mangled_BIOS_rom.obj (.text:ti_sysbios_knl_Task_Object__destruct__S)
                  1001bfa4    0000001c     mangled_BIOS_rom.obj (.text:ti_sysbios_knl_Task_enter__I)
                  1001bfc0    0000001a     mangled_BIOS_rom.obj (.text:ti_sysbios_knl_Task_sleepTimeout__I)
                  1001bfda    00000002     mangled_BIOS_rom.obj (.text:ti_sysbios_knl_Clock_triggerFunc__I)
                  1001bfdc    00000018     mangled_BIOS_rom.obj (.text:ti_sysbios_family_arm_m3_Hwi_plug__E)
                  1001bff4    00000018     mangled_BIOS_rom.obj (.text:ti_sysbios_gates_GateMutex_leave__E)
                  1001c00c    00000018     mangled_BIOS_rom.obj (.text:ti_sysbios_knl_Task_unblock__E)
                  1001c024    00000016     mangled_BIOS_rom.obj (.text:ti_sysbios_knl_Clock_Instance_finalize__E)
                  1001c03a    00000016     mangled_BIOS_rom.obj (.text:ti_sysbios_knl_Clock_start__E)
                  1001c050    00000014     mangled_BIOS_rom.obj (.text:ti_sysbios_family_arm_m3_Hwi_switchFromBootStack__E)
                  1001c064    00000012     mangled_BIOS_rom.obj (.text:ti_sysbios_hal_Hwi_Module_startup__E)
                  1001c076    00000002     mangled_BIOS_rom.obj (.text:ti_sysbios_knl_Swi_Instance_finalize__E)
                  1001c078    00000010     mangled_BIOS_rom.obj (.text:ti_sysbios_BIOS_exit__E)
                  1001c088    00000010     mangled_BIOS_rom.obj (.text:ti_sysbios_BIOS_getCpuFreq__E)
                  1001c098    00000010     mangled_BIOS_rom.obj (.text:ti_sysbios_BIOS_setThreadType__E)
                  1001c0a8    00000010     mangled_BIOS_rom.obj (.text:ti_sysbios_BIOS_start__E)
                  1001c0b8    00000010     mangled_BIOS_rom.obj (.text:ti_sysbios_gates_GateMutex_Instance_finalize__E)
                  1001c0c8    00000010     mangled_BIOS_rom.obj (.text:ti_sysbios_hal_Hwi_HwiProxy_Object__create__S)
                  1001c0d8    00000010     mangled_BIOS_rom.obj (.text:ti_sysbios_knl_Clock_TimerProxy_getCurrentTick__E)
                  1001c0e8    00000010     mangled_BIOS_rom.obj (.text:ti_sysbios_knl_Clock_TimerProxy_getMaxTicks__E)
                  1001c0f8    00000010     mangled_BIOS_rom.obj (.text:ti_sysbios_knl_Clock_TimerProxy_setNextTick__E)
                  1001c108    00000010     mangled_BIOS_rom.obj (.text:ti_sysbios_knl_Semaphore_Instance_finalize__E)
                  1001c118    00000010     mangled_BIOS_rom.obj (.text:ti_sysbios_knl_Swi_disable__E)
                  1001c128    00000010     mangled_BIOS_rom.obj (.text:ti_sysbios_knl_Swi_enabled__E)
                  1001c138    00000010     mangled_BIOS_rom.obj (.text:ti_sysbios_knl_Task_disable__E)
                  1001c148    0000000e     mangled_BIOS_rom.obj (.text:ti_sysbios_heaps_HeapMem_restore__E)
                  1001c156    0000000e     mangled_BIOS_rom.obj (.text:ti_sysbios_knl_Queue_empty__E)
                  1001c164    0000000e     mangled_BIOS_rom.obj (.text:ti_sysbios_knl_Queue_remove__E)
                  1001c172    0000000c     mangled_BIOS_rom.obj (.text:ti_sysbios_family_arm_cc26xx_TimestampProvider_getFreq__E)
                  1001c17e    00000002     --HOLE-- [fill = 0]
                  1001c180    0000000c     mangled_BIOS_rom.obj (.text:ti_sysbios_family_arm_m3_Hwi_Params__init__S)
                  1001c18c    0000000c     mangled_BIOS_rom.obj (.text:ti_sysbios_family_arm_m3_Hwi_disableFxn__E)
                  1001c198    0000000c     mangled_BIOS_rom.obj (.text:ti_sysbios_family_arm_m3_Hwi_enableFxn__E)
                  1001c1a4    0000000c     mangled_BIOS_rom.obj (.text:ti_sysbios_family_arm_m3_TaskSupport_getStackAlignment__E)
                  1001c1b0    0000000c     mangled_BIOS_rom.obj (.text:ti_sysbios_gates_GateHwi_enter__E)
                  1001c1bc    0000000c     mangled_BIOS_rom.obj (.text:ti_sysbios_gates_GateMutex_Params__init__S)
                  1001c1c8    0000000c     mangled_BIOS_rom.obj (.text:ti_sysbios_knl_Clock_Params__init__S)
                  1001c1d4    0000000c     mangled_BIOS_rom.obj (.text:ti_sysbios_knl_Clock_getTimerHandle__E)
                  1001c1e0    0000000c     mangled_BIOS_rom.obj (.text:ti_sysbios_knl_Mailbox_Params__init__S)
                  1001c1ec    0000000c     mangled_BIOS_rom.obj (.text:ti_sysbios_knl_Queue_dequeue__E)
                  1001c1f8    0000000c     mangled_BIOS_rom.obj (.text:ti_sysbios_knl_Queue_enqueue__E)
                  1001c204    0000000c     mangled_BIOS_rom.obj (.text:ti_sysbios_knl_Semaphore_Params__init__S)
                  1001c210    0000000c     mangled_BIOS_rom.obj (.text:ti_sysbios_knl_Swi_Params__init__S)
                  1001c21c    0000000c     mangled_BIOS_rom.obj (.text:ti_sysbios_knl_Task_Params__init__S)
                  1001c228    0000000c     mangled_BIOS_rom.obj (.text:ti_sysbios_knl_Task_self__E)
                  1001c234    0000000a     mangled_BIOS_rom.obj (.text:ti_sysbios_hal_Hwi_Instance_finalize__E)
                  1001c23e    00000008     mangled_BIOS_rom.obj (.text:ti_sysbios_family_arm_m3_Hwi_doSwiRestore__I)
                  1001c246    00000008     mangled_BIOS_rom.obj (.text:ti_sysbios_family_arm_m3_Hwi_startup__E)
                  1001c24e    00000008     mangled_BIOS_rom.obj (.text:ti_sysbios_knl_Idle_loop__E)
                  1001c256    00000006     mangled_BIOS_rom.obj (.text:ti_sysbios_family_arm_m3_Hwi_doTaskRestore__I)
                  1001c25c    00000006     mangled_BIOS_rom.obj (.text:ti_sysbios_family_arm_m3_Hwi_restoreFxn__E)
                  1001c262    00000006     mangled_BIOS_rom.obj (.text:ti_sysbios_gates_GateHwi_leave__E)
                  1001c268    00000006     mangled_BIOS_rom.obj (.text:ti_sysbios_heaps_HeapMem_isBlocking__E)
                  1001c26e    00000006     mangled_BIOS_rom.obj (.text:ti_sysbios_knl_Queue_Instance_init__E)
                  1001c274    00000006     mangled_BIOS_rom.obj (.text:ti_sysbios_knl_Queue_elemClear__E)
                  1001c27a    00000006     mangled_BIOS_rom.obj (.text:ti_sysbios_knl_Swi_Module_startup__E)
                  1001c280    00000006     mangled_BIOS_rom.obj (.text:ti_sysbios_knl_Swi_startup__E)
                  1001c286    00000006     mangled_BIOS_rom.obj (.text:ti_sysbios_knl_Task_enable__E)
                  1001c28c    00000004     mangled_BIOS_rom.obj (.text:ti_sysbios_BIOS_RtsGateProxy_enter__E)
                  1001c290    00000004     mangled_BIOS_rom.obj (.text:ti_sysbios_BIOS_RtsGateProxy_leave__E)
                  1001c294    00000004     mangled_BIOS_rom.obj (.text:ti_sysbios_family_arm_cc26xx_Timer_getExpiredTicks__E)
                  1001c298    00000004     mangled_BIOS_rom.obj (.text:ti_sysbios_family_arm_cc26xx_Timer_getPeriod__E)
                  1001c29c    00000004     mangled_BIOS_rom.obj (.text:ti_sysbios_family_arm_cc26xx_Timer_setPeriod__E)
                  1001c2a0    00000004     mangled_BIOS_rom.obj (.text:ti_sysbios_family_arm_m3_Hwi_delete)
                  1001c2a4    00000004     mangled_BIOS_rom.obj (.text:ti_sysbios_family_arm_m3_Hwi_destruct)
                  1001c2a8    00000004     mangled_BIOS_rom.obj (.text:ti_sysbios_family_arm_m3_TaskSupport_Module__startupDone__S)
                  1001c2ac    00000004     mangled_BIOS_rom.obj (.text:ti_sysbios_gates_GateHwi_query__E)
                  1001c2b0    00000004     mangled_BIOS_rom.obj (.text:ti_sysbios_gates_GateMutex_delete)
                  1001c2b4    00000004     mangled_BIOS_rom.obj (.text:ti_sysbios_gates_GateMutex_destruct)
                  1001c2b8    00000004     mangled_BIOS_rom.obj (.text:ti_sysbios_gates_GateMutex_query__E)
                  1001c2bc    00000004     mangled_BIOS_rom.obj (.text:ti_sysbios_hal_Hwi_HwiProxy_delete)
                  1001c2c0    00000004     mangled_BIOS_rom.obj (.text:ti_sysbios_hal_Hwi_delete)
                  1001c2c4    00000004     mangled_BIOS_rom.obj (.text:ti_sysbios_heaps_HeapMem_Module_GateProxy_enter__E)
                  1001c2c8    00000004     mangled_BIOS_rom.obj (.text:ti_sysbios_heaps_HeapMem_Module_GateProxy_leave__E)
                  1001c2cc    00000004     mangled_BIOS_rom.obj (.text:ti_sysbios_knl_Clock_TimerProxy_getExpiredTicks__E)
                  1001c2d0    00000004     mangled_BIOS_rom.obj (.text:ti_sysbios_knl_Clock_TimerProxy_getPeriod__E)
                  1001c2d4    00000004     mangled_BIOS_rom.obj (.text:ti_sysbios_knl_Clock_delete)
                  1001c2d8    00000004     mangled_BIOS_rom.obj (.text:ti_sysbios_knl_Clock_destruct)
                  1001c2dc    00000004     mangled_BIOS_rom.obj (.text:ti_sysbios_knl_Clock_removeI__E)
                  1001c2e0    00000004     mangled_BIOS_rom.obj (.text:ti_sysbios_knl_Clock_setTimeout__E)
                  1001c2e4    00000004     mangled_BIOS_rom.obj (.text:ti_sysbios_knl_Mailbox_delete)
                  1001c2e8    00000004     mangled_BIOS_rom.obj (.text:ti_sysbios_knl_Mailbox_destruct)
                  1001c2ec    00000004     mangled_BIOS_rom.obj (.text:ti_sysbios_knl_Queue_delete)
                  1001c2f0    00000004     mangled_BIOS_rom.obj (.text:ti_sysbios_knl_Queue_destruct)
                  1001c2f4    00000004     mangled_BIOS_rom.obj (.text:ti_sysbios_knl_Queue_head__E)
                  1001c2f8    00000004     mangled_BIOS_rom.obj (.text:ti_sysbios_knl_Queue_next__E)
                  1001c2fc    00000004     mangled_BIOS_rom.obj (.text:ti_sysbios_knl_Semaphore_delete)
                  1001c300    00000004     mangled_BIOS_rom.obj (.text:ti_sysbios_knl_Semaphore_destruct)
                  1001c304    00000004     mangled_BIOS_rom.obj (.text:ti_sysbios_knl_Swi_delete)
                  1001c308    00000004     mangled_BIOS_rom.obj (.text:ti_sysbios_knl_Swi_destruct)
                  1001c30c    00000004     mangled_BIOS_rom.obj (.text:ti_sysbios_knl_Swi_postInit__I)
                  1001c310    00000004     mangled_BIOS_rom.obj (.text:ti_sysbios_knl_Task_delete)
                  1001c314    00000004     mangled_BIOS_rom.obj (.text:ti_sysbios_knl_Task_destruct)
                  1001c318    00000004     mangled_BIOS_rom.obj (.text:ti_sysbios_knl_Task_startup__E)

.sysbios_rom_text 
*          0    1001c31c    00000590     
                  1001c31c    000000f8     mangled_BIOS_rom.obj (.text:xdc_runtime_Startup_startMods__I)
                  1001c414    00000080     mangled_BIOS_rom.obj (.text:xdc_runtime_Core_createObject__I)
                  1001c494    0000006c     mangled_BIOS_rom.obj (.text:xdc_runtime_Memory_alloc__E)
                  1001c500    0000005e     mangled_BIOS_rom.obj (.text:xdc_runtime_Core_deleteObject__I)
                  1001c55e    00000002     mangled_BIOS_rom.obj (.text:xdc_runtime_Error_policySpin__E)
                  1001c560    00000050     mangled_BIOS_rom.obj (.text:xdc_runtime_Startup_exec__E)
                  1001c5b0    00000048     mangled_BIOS_rom.obj (.text:xdc_runtime_Assert_raise__I)
                  1001c5f8    00000048     mangled_BIOS_rom.obj (.text:xdc_runtime_Core_assignParams__I)
                  1001c640    00000048     mangled_BIOS_rom.obj (.text:xdc_runtime_Core_constructObject__I)
                  1001c688    00000038     mangled_BIOS_rom.obj (.text:xdc_runtime_System_atexit__E)
                  1001c6c0    00000034     mangled_BIOS_rom.obj (.text:xdc_runtime_Core_assignLabel__I)
                  1001c6f4    00000034     mangled_BIOS_rom.obj (.text:xdc_runtime_System_processAtExit__E)
                  1001c728    0000002c     mangled_BIOS_rom.obj (.text:xdc_runtime_Text_cordText__E)
                  1001c754    00000020     mangled_BIOS_rom.obj (.text:xdc_runtime_System_abort__E)
                  1001c774    0000001c     mangled_BIOS_rom.obj (.text:xdc_runtime_Error_raiseX__E)
                  1001c790    0000001c     mangled_BIOS_rom.obj (.text:xdc_runtime_Memory_valloc__E)
                  1001c7ac    00000018     mangled_BIOS_rom.obj (.text:xdc_runtime_Core_destructObject__I)
                  1001c7c4    00000018     mangled_BIOS_rom.obj (.text:xdc_runtime_Error_check__E)
                  1001c7dc    00000018     mangled_BIOS_rom.obj (.text:xdc_runtime_System_exit__E)
                  1001c7f4    00000018     mangled_BIOS_rom.obj (.text:xdc_runtime_Text_ropeText__E)
                  1001c80c    00000010     mangled_BIOS_rom.obj (.text:xdc_runtime_Memory_free__E)
                  1001c81c    00000010     mangled_BIOS_rom.obj (.text:xdc_runtime_SysCallback_abort__E)
                  1001c82c    00000010     mangled_BIOS_rom.obj (.text:xdc_runtime_SysCallback_exit__E)
                  1001c83c    00000010     mangled_BIOS_rom.obj (.text:xdc_runtime_Timestamp_SupportProxy_get32__E)
                  1001c84c    0000000c     mangled_BIOS_rom.obj (.text:xdc_runtime_Error_init__E)
                  1001c858    0000000c     mangled_BIOS_rom.obj (.text:xdc_runtime_Memory_calloc__E)
                  1001c864    0000000c     mangled_BIOS_rom.obj (.text:xdc_runtime_Memory_getMaxDefaultTypeAlign__E)
                  1001c870    0000000c     mangled_BIOS_rom.obj (.text:xdc_runtime_Startup_rtsDone__E)
                  1001c87c    0000000a     mangled_BIOS_rom.obj (.text:xdc_runtime_IHeap_alloc$64)
                  1001c886    0000000a     mangled_BIOS_rom.obj (.text:xdc_runtime_IHeap_free$64)
                  1001c890    00000006     mangled_BIOS_rom.obj (.text:xdc_runtime_Gate_leaveSystem__E)
                  1001c896    00000006     mangled_BIOS_rom.obj (.text:xdc_runtime_System_Module_startup__E)
                  1001c89c    00000004     mangled_BIOS_rom.obj (.text:xdc_runtime_Gate_enterSystem__E)
                  1001c8a0    00000004     mangled_BIOS_rom.obj (.text:xdc_runtime_System_Module_GateProxy_enter__E)
                  1001c8a4    00000004     mangled_BIOS_rom.obj (.text:xdc_runtime_System_Module_GateProxy_leave__E)
                  1001c8a8    00000002     mangled_BIOS_rom.obj (.text:xdc_runtime_System_abortSpin__E)
                  1001c8aa    00000002     mangled_BIOS_rom.obj (.text:xdc_runtime_System_exitSpin__E)

.sysbios_rom_text 
*          0    1001c8ac    000001d4     
                  1001c8ac    000000c8     arm_m3_Hwi_asm_rom.obj (.text:ti_sysbios_family_arm_m3_Hwi_dispatch__I)
                  1001c974    0000004c     arm_m3_TaskSupport_asm_rom.obj (.text:ti_sysbios_family_arm_m3_TaskSupport_buildTaskStack)
                  1001c9c0    00000048     arm_m3_Hwi_asm_switch_rom.obj (.text:ti_sysbios_family_arm_m3_Hwi_initStacks__E)
                  1001ca08    00000020     arm_m3_Hwi_asm_rom.obj (.text:ti_sysbios_family_arm_m3_Hwi_excHandlerAsm__I)
                  1001ca28    0000001e     arm_m3_Hwi_asm_switch_rom.obj (.text:ti_sysbios_family_xxx_Hwi_switchAndRunFunc)
                  1001ca46    0000001a     arm_m3_Hwi_asm_rom.obj (.text:ti_sysbios_family_arm_m3_Hwi_pendSV__I)
                  1001ca60    00000010     arm_m3_TaskSupport_asm_rom.obj (.text:ti_sysbios_family_arm_m3_TaskSupport_glue)
                  1001ca70    00000010     arm_m3_TaskSupport_asm_rom.obj (.text:ti_sysbios_family_arm_m3_TaskSupport_swap__E)

.sysbios_rom_text 
*          0    1001ca80    0000002e     
                  1001ca80    00000018     CC26xx.obj (.text:memcpy)
                  1001ca98    00000016     CC26xx.obj (.text:memset)

.sysbios_rom_text 
*          0    1001caae    00000004     
                  1001caae    00000004     CC26xx.obj (.text:ti_sysbios_rom_cortexm_cc26xx_CC26xx_getRevision__E)

.vecs      0    20000000    000000c8     NOLOAD SECTION
                  20000000    000000c8     CC26xx_pem3.obj (.vecs)

.sysbios_rom_data 
*          0    20000100    000000f0     
                  20000100    00000044     CC26xx_pem3.obj (.data:ti_sysbios_knl_Task_Module__state__V)
                  20000144    00000034     CC26xx_pem3.obj (.data:ti_sysbios_family_arm_m3_Hwi_Module__state__V)
                  20000178    0000002c     CC26xx_pem3.obj (.data:ti_sysbios_knl_Clock_Module__state__V)
                  200001a4    00000024     CC26xx_pem3.obj (.data:ti_sysbios_BIOS_Module__state__V)
                  200001c8    0000001c     CC26xx_pem3.obj (.data:ti_sysbios_knl_Swi_Module__state__V)
                  200001e4    00000008     CC26xx_pem3.obj (.data:ti_sysbios_family_arm_cc26xx_Timer_Module__state__V)
                  200001ec    00000004     CC26xx_pem3.obj (.data:ti_sysbios_family_arm_cc26xx_TimestampProvider_Module__state__V)

.sysbios_rom_data 
*          0    200001f0    00000014     
                  200001f0    00000008     CC26xx_pem3.obj (.data:xdc_runtime_Startup_Module__state__V)
                  200001f8    00000008     CC26xx_pem3.obj (.data:xdc_runtime_System_Module__state__V)
                  20000200    00000004     CC26xx_pem3.obj (.data:xdc_runtime_Memory_Module__state__V)

xdc.meta   0    00000000    000000f6     COPY SECTION
                  00000000    000000f6     CC26xx_pem3.obj (xdc.meta)

xdc.noload 
*          0    00000000    00000000     COPY SECTION

.TI.noinit 
*          0    20000600    00000000     UNINITIALIZED

.TI.persistent 
*          0    20000f08    00000000     UNINITIALIZED


FAR CALL TRAMPOLINES

callee name               trampoline name
   callee addr  tramp addr   call addr  call info
--------------  -----------  ---------  ----------------
xdc_runtime_System_exit__E  $Tramp$TT$L$PI$$xdc_runtime_System_exit__E
   1001c7dd     0000158c     00001248   boot.aem3 : boot.oem3 (.text)
memcpy                    $Tramp$TT$L$PI$$memcpy
   1001ca81     00001594     00001174   rtsv7M3_T_le_eabi.lib : cpy_tbl.obj (.text)
ti_sysbios_knl_Clock_start__E  $Tramp$TT$L$PI$$ti_sysbios_knl_Clock_start__E
   1001c03b     0000159c     00000cd6   CC26xx.obj (.text:main)
ti_sysbios_knl_Semaphore_post__E  $Tramp$TT$L$PI$$ti_sysbios_knl_Semaphore_post__E
   1001ab85     000015a4     00000cd0   CC26xx.obj (.text:main)
ti_sysbios_knl_Semaphore_pend__E  $Tramp$TT$L$PI$$ti_sysbios_knl_Semaphore_pend__E
   1001a001     000015ac     00000cca   CC26xx.obj (.text:main)
ti_sysbios_knl_Swi_construct  $Tramp$TT$L$PI$$ti_sysbios_knl_Swi_construct
   1001b07d     000015b4     00000cc0   CC26xx.obj (.text:main)
ti_sysbios_family_arm_m3_Hwi_construct  $Tramp$TT$L$PI$$ti_sysbios_family_arm_m3_Hwi_construct
   1001adc1     000015bc     00000cb4   CC26xx.obj (.text:main)
ti_sysbios_knl_Clock_construct  $Tramp$TT$L$PI$$ti_sysbios_knl_Clock_construct
   1001b56d     000015c4     00000ca4   CC26xx.obj (.text:main)
ti_sysbios_knl_Semaphore_construct  $Tramp$TT$L$PI$$ti_sysbios_knl_Semaphore_construct
   1001b731     000015cc     00000c98   CC26xx.obj (.text:main)
ti_sysbios_knl_Task_construct  $Tramp$TT$L$PI$$ti_sysbios_knl_Task_construct
   1001b11d     000015d4     00000c8e   CC26xx.obj (.text:main)
ti_sysbios_knl_Swi_create  $Tramp$TT$L$PI$$ti_sysbios_knl_Swi_create
   1001af21     000015dc     00000c82   CC26xx.obj (.text:main)
ti_sysbios_family_arm_m3_Hwi_create  $Tramp$TT$L$PI$$ti_sysbios_family_arm_m3_Hwi_create
   1001abe9     000015e4     00000c78   CC26xx.obj (.text:main)
ti_sysbios_knl_Clock_create  $Tramp$TT$L$PI$$ti_sysbios_knl_Clock_create
   1001b501     000015ec     00000c6c   CC26xx.obj (.text:main)
ti_sysbios_knl_Semaphore_create  $Tramp$TT$L$PI$$ti_sysbios_knl_Semaphore_create
   1001b5d5     000015f4     00000c60   CC26xx.obj (.text:main)
ti_sysbios_knl_Task_create  $Tramp$TT$L$PI$$ti_sysbios_knl_Task_create
   1001afd1     000015fc     00000c56   CC26xx.obj (.text:main)
ti_sysbios_knl_Swi_Params__init__S  $Tramp$TT$L$PI$$ti_sysbios_knl_Swi_Params__init__S
   1001c211     00001604     00000c4a   CC26xx.obj (.text:main)
ti_sysbios_family_arm_m3_Hwi_Params__init__S  $Tramp$TT$L$PI$$ti_sysbios_family_arm_m3_Hwi_Params__init__S
   1001c181     0000160c     00000c3e   CC26xx.obj (.text:main)
ti_sysbios_knl_Semaphore_Params__init__S  $Tramp$TT$L$PI$$ti_sysbios_knl_Semaphore_Params__init__S
   1001c205     00001614     00000c32   CC26xx.obj (.text:main)
ti_sysbios_knl_Clock_Params__init__S  $Tramp$TT$L$PI$$ti_sysbios_knl_Clock_Params__init__S
   1001c1c9     0000161c     00000c26   CC26xx.obj (.text:main)
ti_sysbios_knl_Task_Params__init__S  $Tramp$TT$L$PI$$ti_sysbios_knl_Task_Params__init__S
   1001c21d     00001624     00000c1a   CC26xx.obj (.text:main)
ti_sysbios_BIOS_start__E  $Tramp$TT$L$PI$$ti_sysbios_BIOS_start__E
   1001c0a9     0000162c     00000c0e   CC26xx.obj (.text:main)
xdc_runtime_SysCallback_exit__E  $Tramp$TT$L$PI$$xdc_runtime_SysCallback_exit__E
   1001c82d     000018c4     000018ba   CC26xx_pem3.obj (.text:xdc_runtime_System_SupportProxy_exit__E)
xdc_runtime_SysCallback_abort__E  $Tramp$TT$L$PI$$xdc_runtime_SysCallback_abort__E
   1001c81d     000018cc     000018ae   CC26xx_pem3.obj (.text:xdc_runtime_System_SupportProxy_abort__E)
xdc_runtime_System_exit__E  $Tramp$TT$L$PI$$xdc_runtime_System_exit__E
   1001c7dd     000018d4     0000181c   CC26xx_pem3.obj (.text:ti_sysbios_BIOS_exitFunc__I)
ti_sysbios_knl_Swi_post__E  $Tramp$TT$L$PI$$ti_sysbios_knl_Swi_post__E
   1001b315     000018dc     000017e8   CC26xx_pem3.obj (.text:ti_sysbios_knl_Clock_doTick__I)
ti_sysbios_knl_Clock_logTick__E  $Tramp$TT$L$PI$$ti_sysbios_knl_Clock_logTick__E
   1001ba97     000018e4     000017e0   CC26xx_pem3.obj (.text:ti_sysbios_knl_Clock_doTick__I)
ti_sysbios_BIOS_RtsGateProxy_leave__E  $Tramp$TT$L$PI$$ti_sysbios_BIOS_RtsGateProxy_leave__E
   1001c291     000018ec     00001768   CC26xx_pem3.obj (.text:ti_sysbios_BIOS_rtsUnlock__I)
ti_sysbios_knl_Task_startup__E  $Tramp$TT$L$PI$$ti_sysbios_knl_Task_startup__E
   1001c319     000018f4     00001744   CC26xx_pem3.obj (.text:ti_sysbios_BIOS_startFunc__I)
ti_sysbios_knl_Swi_startup__E  $Tramp$TT$L$PI$$ti_sysbios_knl_Swi_startup__E
   1001c281     000018fc     00001740   CC26xx_pem3.obj (.text:ti_sysbios_BIOS_startFunc__I)
ti_sysbios_hal_Hwi_startup__E  $Tramp$TT$L$PI$$ti_sysbios_hal_Hwi_startup__E
   1001c247     00001904     0000173c   CC26xx_pem3.obj (.text:ti_sysbios_BIOS_startFunc__I)
ti_sysbios_family_arm_cc26xx_Timer_startup__E  $Tramp$TT$L$PI$$ti_sysbios_family_arm_cc26xx_Timer_startup__E
   1001b7bd     0000190c     00001738   CC26xx_pem3.obj (.text:ti_sysbios_BIOS_startFunc__I)
xdc_runtime_System_atexit__E  $Tramp$TT$L$PI$$xdc_runtime_System_atexit__E
   1001c689     00001914     00001730   CC26xx_pem3.obj (.text:ti_sysbios_BIOS_startFunc__I)
ti_sysbios_BIOS_linkedWithIncorrectBootLibrary__E  $Tramp$TT$L$PI$$ti_sysbios_BIOS_linkedWithIncorrectBootLibrary__E
   1001a98b     0000191c     0000172a   CC26xx_pem3.obj (.text:ti_sysbios_BIOS_startFunc__I)
xdc_runtime_Startup_rtsDone__E  $Tramp$TT$L$PI$$xdc_runtime_Startup_rtsDone__E
   1001c871     00001924     00001722   CC26xx_pem3.obj (.text:ti_sysbios_BIOS_startFunc__I)
ti_sysbios_BIOS_RtsGateProxy_enter__E  $Tramp$TT$L$PI$$ti_sysbios_BIOS_RtsGateProxy_enter__E
   1001c28d     0000192c     000016f6   CC26xx_pem3.obj (.text:ti_sysbios_BIOS_rtsLock__I)
ti_sysbios_BIOS_setThreadType__E  $Tramp$TT$L$PI$$ti_sysbios_BIOS_setThreadType__E
   1001c099     00001934     000016ce   CC26xx_pem3.obj (.text:ti_sysbios_BIOS_atExitFunc__I)
                             00001816   CC26xx_pem3.obj (.text:ti_sysbios_BIOS_exitFunc__I)
ti_sysbios_knl_Task_disable__E  $Tramp$TT$L$PI$$ti_sysbios_knl_Task_disable__E
   1001c139     0000193c     000016c8   CC26xx_pem3.obj (.text:ti_sysbios_BIOS_atExitFunc__I)
ti_sysbios_knl_Swi_disable__E  $Tramp$TT$L$PI$$ti_sysbios_knl_Swi_disable__E
   1001c119     00001944     000016c4   CC26xx_pem3.obj (.text:ti_sysbios_BIOS_atExitFunc__I)
ti_sysbios_knl_Clock_scheduleNextTick__E  $Tramp$TT$L$PI$$ti_sysbios_knl_Clock_scheduleNextTick__E
   1001bee1     00001b80     000019ca   mangled_BIOS_rom.obj (.text:ti_sysbios_knl_Clock_workFuncDynamic__E__mangled__)
ti_sysbios_knl_Clock_walkQueueDynamic__E  $Tramp$TT$L$PI$$ti_sysbios_knl_Clock_walkQueueDynamic__E
   1001a6dd     00001b88     00001992   mangled_BIOS_rom.obj (.text:ti_sysbios_knl_Clock_workFuncDynamic__E__mangled__)
                             000019ae   mangled_BIOS_rom.obj (.text:ti_sysbios_knl_Clock_workFuncDynamic__E__mangled__)
ti_sysbios_knl_Clock_TimerProxy_getCurrentTick__E  $Tramp$TT$L$PI$$ti_sysbios_knl_Clock_TimerProxy_getCurrentTick__E
   1001c0d9     00001b90     00001960   mangled_BIOS_rom.obj (.text:ti_sysbios_knl_Clock_workFuncDynamic__E__mangled__)

[41 trampolines]
[43 trampoline calls]


GLOBAL SYMBOLS: SORTED ALPHABETICALLY BY Name 

address   name                                                                      
-------   ----                                                                      
00001261  C$$EXIT                                                                   
00001325  NOROM_AONEventMcuWakeUpSet                                                
00001511  NOROM_AONRTCCurrent64BitValueGet                                          
0000156d  NOROM_CPUcpsid                                                            
00001579  NOROM_CPUcpsie                                                            
0000118d  NOROM_ChipInfo_GetChipFamily                                              
00000f61  NOROM_ChipInfo_GetHwRevision                                              
000012a5  NOROM_DDI16BitfieldRead                                                   
000011d5  NOROM_DDI16BitfieldWrite                                                  
00001385  NOROM_DDI32RegWrite                                                       
000012e5  NOROM_IntPendClear                                                        
000013fd  NOROM_OSCClockSourceGet                                                   
000010f5  NOROM_OSCClockSourceSet                                                   
00000ee9  NOROM_SetupAfterColdResetWakeupFromShutDownCfg1                           
00000b25  NOROM_SetupAfterColdResetWakeupFromShutDownCfg2                           
000009f5  NOROM_SetupAfterColdResetWakeupFromShutDownCfg3                           
00001451  NOROM_SetupGetTrimForAdcShModeEn                                          
00001469  NOROM_SetupGetTrimForAdcShVbufEn                                          
00000fd1  NOROM_SetupGetTrimForAmpcompCtrl                                          
00001481  NOROM_SetupGetTrimForAmpcompTh1                                           
00001419  NOROM_SetupGetTrimForAmpcompTh2                                           
0000103d  NOROM_SetupGetTrimForAnabypassValue1                                      
00001499  NOROM_SetupGetTrimForDblrLoopFilterResetVoltage                           
000013b1  NOROM_SetupGetTrimForRadcExtCfg                                           
000014b1  NOROM_SetupGetTrimForRcOscLfIBiasTrim                                     
00001435  NOROM_SetupGetTrimForRcOscLfRtuneCtuneTrim                                
000013dd  NOROM_SetupGetTrimForXoscHfCtl                                            
0000154d  NOROM_SetupGetTrimForXoscHfFastStart                                      
0000155d  NOROM_SetupGetTrimForXoscHfIbiastherm                                     
000014c9  NOROM_SetupGetTrimForXoscLfRegulatorAndCmirrwrRatio                       
00001355  NOROM_SetupSetAonRtcSubSecInc                                             
000010a5  NOROM_SetupSetCacheModeAccordingToCcfgSetting                             
00000da1  NOROM_SetupTrimDevice                                                     
00001525  NOROM_ThisCodeIsBuiltForCC26xxHwRev22AndLater_HaltIfViolated              
UNDEFED   SHT$$INIT_ARRAY$$Base                                                     
UNDEFED   SHT$$INIT_ARRAY$$Limit                                                    
00000000  __ASM__                                                                   
00000070  __ISA__                                                                   
00000082  __PLAT__                                                                  
20005000  __STACK_END                                                               
00001000  __STACK_SIZE                                                              
20005000  __STACK_TOP                                                               
000000a9  __TARG__                                                                  
UNDEFED   __TI_CINIT_Base                                                           
UNDEFED   __TI_CINIT_Limit                                                          
UNDEFED   __TI_Handler_Table_Base                                                   
UNDEFED   __TI_Handler_Table_Limit                                                  
00000e49  __TI_auto_init                                                            
20001200  __TI_cleanup_ptr                                                          
20001204  __TI_dtors_ptr                                                            
00000000  __TI_static_base__                                                        
000000ce  __TRDR__                                                                  
000014f9  __aeabi_lmul                                                              
00000801  __aeabi_uldivmod                                                          
ffffffff  __binit__                                                                 
ffffffff  __c_args__                                                                
0001ffa8  __ccfg                                                                    
20004000  __stack                                                                   
00001585  __xdc__init                                                               
20000ff4  __xdc__init__addr                                                         
000014e1  _args_main                                                                
0000121d  _c_int00                                                                  
200011f8  _lock                                                                     
00001547  _nop                                                                      
0000153f  _register_lock                                                            
00001539  _register_unlock                                                          
200011fc  _unlock                                                                   
00001265  abort                                                                     
ffffffff  binit                                                                     
00001141  copy_in                                                                   
0000126d  exit                                                                      
00000c09  main                                                                      
20001144  main_func_sp                                                              
1001ca81  memcpy                                                                    
1001ca99  memset                                                                    
0000158b  smallErrorPolicy                                                          
200001a4  ti_sysbios_BIOS_Module__state__V                                          
1001bc51  ti_sysbios_BIOS_RtsGateProxy_Handle__label__S                             
1001bae1  ti_sysbios_BIOS_RtsGateProxy_Object__delete__S                            
1001c1bd  ti_sysbios_BIOS_RtsGateProxy_Params__init__S                              
1001c28d  ti_sysbios_BIOS_RtsGateProxy_enter__E                                     
1001c291  ti_sysbios_BIOS_RtsGateProxy_leave__E                                     
1001c2b9  ti_sysbios_BIOS_RtsGateProxy_query__E                                     
000016c1  ti_sysbios_BIOS_atExitFunc__I                                             
0000180d  ti_sysbios_BIOS_exitFunc__I                                               
1001c079  ti_sysbios_BIOS_exit__E                                                   
1001c089  ti_sysbios_BIOS_getCpuFreq__E                                             
1001a98b  ti_sysbios_BIOS_linkedWithIncorrectBootLibrary__E                         
00001823  ti_sysbios_BIOS_nullFunc__I                                               
0000177d  ti_sysbios_BIOS_registerRTSLock__I                                        
000017a1  ti_sysbios_BIOS_removeRTSLock__I                                          
000016f1  ti_sysbios_BIOS_rtsLock__I                                                
00001751  ti_sysbios_BIOS_rtsUnlock__I                                              
1001c099  ti_sysbios_BIOS_setThreadType__E                                          
00001721  ti_sysbios_BIOS_startFunc__I                                              
1001c0a9  ti_sysbios_BIOS_start__E                                                  
00000da1  ti_sysbios_family_arm_cc26xx_Boot_trimDevice                              
00000500  ti_sysbios_family_arm_cc26xx_Timer_Module__id__C                          
20000f08  ti_sysbios_family_arm_cc26xx_Timer_Module__root__V                        
1001bb71  ti_sysbios_family_arm_cc26xx_Timer_Module__startupDone__S                 
200001e4  ti_sysbios_family_arm_cc26xx_Timer_Module__state__V                       
1001ba99  ti_sysbios_family_arm_cc26xx_Timer_Module_startup__E                      
20001148  ti_sysbios_family_arm_cc26xx_Timer_Object__table__V                       
00001825  ti_sysbios_family_arm_cc26xx_Timer_dynamicStub__E                         
00001b45  ti_sysbios_family_arm_cc26xx_Timer_dynamicStub__E__mangled__              
00001831  ti_sysbios_family_arm_cc26xx_Timer_getCount64__E                          
00001b7d  ti_sysbios_family_arm_cc26xx_Timer_getCount64__E__mangled__               
0000183d  ti_sysbios_family_arm_cc26xx_Timer_getCurrentTick__E                      
00001a3d  ti_sysbios_family_arm_cc26xx_Timer_getCurrentTick__E__mangled__           
[...]
1001bdd1  ti_sysbios_knl_Semaphore_Object__destruct__S                              
1001bdf1  ti_sysbios_knl_Swi_Object__delete__S                                      
1001be11  ti_sysbios_knl_Task_Object__delete__S                                     
1001be31  ti_sysbios_knl_Task_Object__get__S                                        
1001be51  ti_sysbios_knl_Task_restoreHwi__E                                         
1001be71  ti_sysbios_family_arm_m3_Hwi_Object__destruct__S                          
1001be8d  ti_sysbios_family_arm_m3_Hwi_setPriority__E                               
1001bea9  ti_sysbios_gates_GateMutex_Instance_init__E                               
1001bec5  ti_sysbios_hal_Hwi_HwiProxy_create                                        
1001bee1  ti_sysbios_knl_Clock_scheduleNextTick__E                                  
1001befd  ti_sysbios_knl_Mailbox_Object__destruct__S                                
1001bf19  ti_sysbios_knl_Queue_Object__destruct__S                                  
1001bf35  ti_sysbios_knl_Queue_get__E                                               
1001bf51  ti_sysbios_knl_Queue_put__E                                               
1001bf6d  ti_sysbios_knl_Swi_Object__destruct__S                                    
1001bf89  ti_sysbios_knl_Task_Object__destruct__S                                   
1001bfa5  ti_sysbios_knl_Task_enter__I                                              
1001bfc1  ti_sysbios_knl_Task_sleepTimeout__I                                       
1001bfdb  ti_sysbios_knl_Clock_triggerFunc__I                                       
1001bfdd  ti_sysbios_family_arm_m3_Hwi_plug__E                                      
1001bff5  ti_sysbios_gates_GateMutex_leave__E                                       
1001c00d  ti_sysbios_knl_Task_unblock__E                                            
1001c025  ti_sysbios_knl_Clock_Instance_finalize__E                                 
1001c03b  ti_sysbios_knl_Clock_start__E                                             
1001c051  ti_sysbios_family_arm_m3_Hwi_switchFromBootStack__E                       
1001c051  ti_sysbios_hal_Hwi_HwiProxy_switchFromBootStack__E                        
1001c051  ti_sysbios_hal_Hwi_switchFromBootStack__E                                 
1001c065  ti_sysbios_hal_Hwi_Module_startup__E                                      
1001c077  ti_sysbios_knl_Swi_Instance_finalize__E                                   
1001c079  ti_sysbios_BIOS_exit__E                                                   
1001c089  ti_sysbios_BIOS_getCpuFreq__E                                             
1001c099  ti_sysbios_BIOS_setThreadType__E                                          
1001c0a9  ti_sysbios_BIOS_start__E                                                  
1001c0b9  ti_sysbios_gates_GateMutex_Instance_finalize__E                           
1001c0c9  ti_sysbios_hal_Hwi_HwiProxy_Object__create__S                             
1001c0d9  ti_sysbios_knl_Clock_TimerProxy_getCurrentTick__E                         
1001c0e9  ti_sysbios_knl_Clock_TimerProxy_getMaxTicks__E                            
1001c0f9  ti_sysbios_knl_Clock_TimerProxy_setNextTick__E                            
1001c109  ti_sysbios_knl_Semaphore_Instance_finalize__E                             
1001c119  ti_sysbios_knl_Swi_disable__E                                             
1001c129  ti_sysbios_knl_Swi_enabled__E                                             
1001c139  ti_sysbios_knl_Task_disable__E                                            
1001c149  ti_sysbios_heaps_HeapMem_restore__E                                       
1001c157  ti_sysbios_knl_Queue_empty__E                                             
1001c165  ti_sysbios_knl_Queue_remove__E                                            
1001c173  ti_sysbios_family_arm_cc26xx_TimestampProvider_getFreq__E                 
1001c173  xdc_runtime_Timestamp_SupportProxy_getFreq__E                             
1001c173  xdc_runtime_Timestamp_getFreq__E                                          
1001c181  ti_sysbios_family_arm_m3_Hwi_Params__init__S                              
1001c181  ti_sysbios_hal_Hwi_HwiProxy_Params__init__S                               
1001c18d  ti_sysbios_family_arm_m3_Hwi_disableFxn__E                                
1001c199  ti_sysbios_family_arm_m3_Hwi_enableFxn__E                                 
1001c1a5  ti_sysbios_family_arm_m3_TaskSupport_getStackAlignment__E                 
1001c1a5  ti_sysbios_knl_Task_SupportProxy_getStackAlignment__E                     
1001c1b1  ti_sysbios_gates_GateHwi_enter__E                                         
1001c1bd  ti_sysbios_BIOS_RtsGateProxy_Params__init__S                              
1001c1bd  ti_sysbios_gates_GateMutex_Params__init__S                                
1001c1bd  ti_sysbios_heaps_HeapMem_Module_GateProxy_Params__init__S                 
1001c1c9  ti_sysbios_knl_Clock_Params__init__S                                      
1001c1d5  ti_sysbios_knl_Clock_getTimerHandle__E                                    
1001c1e1  ti_sysbios_knl_Mailbox_Params__init__S                                    
1001c1ed  ti_sysbios_knl_Queue_dequeue__E                                           
1001c1f9  ti_sysbios_knl_Queue_enqueue__E                                           
1001c205  ti_sysbios_knl_Semaphore_Params__init__S                                  
1001c211  ti_sysbios_knl_Swi_Params__init__S                                        
1001c21d  ti_sysbios_knl_Task_Params__init__S                                       
1001c229  ti_sysbios_knl_Task_self__E                                               
1001c235  ti_sysbios_hal_Hwi_Instance_finalize__E                                   
1001c23f  ti_sysbios_family_arm_m3_Hwi_doSwiRestore__I                              
1001c247  ti_sysbios_family_arm_m3_Hwi_startup__E                                   
1001c247  ti_sysbios_hal_Hwi_HwiProxy_startup__E                                    
1001c247  ti_sysbios_hal_Hwi_startup__E                                             
1001c24f  ti_sysbios_knl_Idle_loop__E                                               
1001c257  ti_sysbios_family_arm_m3_Hwi_doTaskRestore__I                             
1001c25d  ti_sysbios_family_arm_m3_Hwi_restoreFxn__E                                
1001c263  ti_sysbios_gates_GateHwi_leave__E                                         
1001c269  ti_sysbios_heaps_HeapMem_isBlocking__E                                    
1001c26f  ti_sysbios_knl_Queue_Instance_init__E                                     
1001c275  ti_sysbios_knl_Queue_elemClear__E                                         
1001c27b  ti_sysbios_knl_Swi_Module_startup__E                                      
1001c281  ti_sysbios_knl_Swi_startup__E                                             
1001c287  ti_sysbios_knl_Task_enable__E                                             
1001c28d  ti_sysbios_BIOS_RtsGateProxy_enter__E                                     
1001c291  ti_sysbios_BIOS_RtsGateProxy_leave__E                                     
1001c295  ti_sysbios_family_arm_cc26xx_Timer_getExpiredTicks__E                     
1001c299  ti_sysbios_family_arm_cc26xx_Timer_getPeriod__E                           
1001c29d  ti_sysbios_family_arm_cc26xx_Timer_setPeriod__E                           
1001c2a1  ti_sysbios_family_arm_m3_Hwi_delete                                       
1001c2a5  ti_sysbios_family_arm_m3_Hwi_destruct                                     
1001c2a9  ti_sysbios_family_arm_m3_TaskSupport_Module__startupDone__S               
1001c2a9  ti_sysbios_knl_Task_SupportProxy_Module__startupDone__S                   
1001c2ad  ti_sysbios_gates_GateHwi_query__E                                         
1001c2ad  xdc_runtime_System_Module_GateProxy_query__E                              
1001c2b1  ti_sysbios_gates_GateMutex_delete                                         
1001c2b5  ti_sysbios_gates_GateMutex_destruct                                       
1001c2b9  ti_sysbios_BIOS_RtsGateProxy_query__E                                     
1001c2b9  ti_sysbios_gates_GateMutex_query__E                                       
1001c2b9  ti_sysbios_heaps_HeapMem_Module_GateProxy_query__E                        
1001c2bd  ti_sysbios_hal_Hwi_HwiProxy_delete                                        
1001c2c1  ti_sysbios_hal_Hwi_delete                                                 
1001c2c5  ti_sysbios_heaps_HeapMem_Module_GateProxy_enter__E                        
1001c2c9  ti_sysbios_heaps_HeapMem_Module_GateProxy_leave__E                        
1001c2cd  ti_sysbios_knl_Clock_TimerProxy_getExpiredTicks__E                        
1001c2d1  ti_sysbios_knl_Clock_TimerProxy_getPeriod__E                              
1001c2d5  ti_sysbios_knl_Clock_delete                                               
1001c2d9  ti_sysbios_knl_Clock_destruct                                             
1001c2dd  ti_sysbios_knl_Clock_removeI__E                                           
1001c2e1  ti_sysbios_knl_Clock_setTimeout__E                                        
1001c2e5  ti_sysbios_knl_Mailbox_delete                                             
1001c2e9  ti_sysbios_knl_Mailbox_destruct                                           
1001c2ed  ti_sysbios_knl_Queue_delete                                               
1001c2f1  ti_sysbios_knl_Queue_destruct                                             
1001c2f5  ti_sysbios_knl_Queue_head__E                                              
1001c2f9  ti_sysbios_knl_Queue_next__E                                              
1001c2fd  ti_sysbios_knl_Semaphore_delete                                           
1001c301  ti_sysbios_knl_Semaphore_destruct                                         
1001c305  ti_sysbios_knl_Swi_delete                                                 
1001c309  ti_sysbios_knl_Swi_destruct                                               
1001c30d  ti_sysbios_knl_Swi_postInit__I                                            
1001c311  ti_sysbios_knl_Task_delete                                                
1001c315  ti_sysbios_knl_Task_destruct                                              
1001c319  ti_sysbios_knl_Task_startup__E                                            
1001c31d  xdc_runtime_Startup_startMods__I                                          
1001c415  xdc_runtime_Core_createObject__I                                          
1001c495  xdc_runtime_Memory_alloc__E                                               
1001c501  xdc_runtime_Core_deleteObject__I                                          
1001c55f  xdc_runtime_Error_policySpin__E                                           
1001c561  xdc_runtime_Startup_exec__E                                               
1001c5b1  xdc_runtime_Assert_raise__I                                               
1001c5f9  xdc_runtime_Core_assignParams__I                                          
1001c641  xdc_runtime_Core_constructObject__I                                       
1001c689  xdc_runtime_System_atexit__E                                              
1001c6c1  xdc_runtime_Core_assignLabel__I                                           
1001c6f5  xdc_runtime_System_processAtExit__E                                       
1001c729  xdc_runtime_Text_cordText__E                                              
1001c755  xdc_runtime_System_abort__E                                               
1001c775  xdc_runtime_Error_raiseX__E                                               
1001c791  xdc_runtime_Memory_valloc__E                                              
1001c7ad  xdc_runtime_Core_destructObject__I                                        
1001c7c5  xdc_runtime_Error_check__E                                                
1001c7dd  xdc_runtime_System_exit__E                                                
1001c7f5  xdc_runtime_Text_ropeText__E                                              
1001c80d  xdc_runtime_Memory_free__E                                                
1001c81d  xdc_runtime_SysCallback_abort__E                                          
1001c82d  xdc_runtime_SysCallback_exit__E                                           
1001c83d  xdc_runtime_Timestamp_SupportProxy_get32__E                               
1001c83d  xdc_runtime_Timestamp_get32__E                                            
1001c84d  xdc_runtime_Error_init__E                                                 
1001c859  xdc_runtime_Memory_calloc__E                                              
1001c865  xdc_runtime_Memory_getMaxDefaultTypeAlign__E                              
1001c871  xdc_runtime_Startup_rtsDone__E                                            
1001c87d  xdc_runtime_Memory_HeapProxy_alloc__E                                     
1001c887  xdc_runtime_Memory_HeapProxy_free__E                                      
1001c891  xdc_runtime_Gate_leaveSystem__E                                           
1001c897  xdc_runtime_System_Module_startup__E                                      
1001c89d  xdc_runtime_Gate_enterSystem__E                                           
1001c8a1  xdc_runtime_System_Module_GateProxy_enter__E                              
1001c8a5  xdc_runtime_System_Module_GateProxy_leave__E                              
1001c8a9  xdc_runtime_System_abortSpin__E                                           
1001c8ab  xdc_runtime_System_exitSpin__E                                            
1001c8ad  ti_sysbios_family_arm_m3_Hwi_dispatch__I                                  
1001c975  ti_sysbios_family_arm_m3_TaskSupport_buildTaskStack                       
1001c9c1  ti_sysbios_family_arm_m3_Hwi_initStacks__E                                
1001ca09  ti_sysbios_family_arm_m3_Hwi_excHandlerAsm__I                             
1001ca29  ti_sysbios_family_xxx_Hwi_switchAndRunFunc                                
1001ca47  ti_sysbios_family_arm_m3_Hwi_pendSV__I                                    
1001ca5f  ti_sysbios_family_arm_m3_Hwi_return                                       
1001ca61  ti_sysbios_family_arm_m3_TaskSupport_glue                                 
1001ca71  ti_sysbios_family_arm_m3_TaskSupport_swap__E                              
1001ca71  ti_sysbios_knl_Task_SupportProxy_swap__E                                  
1001ca79  ti_sysbios_knl_Task_swapReturn                                            
1001ca81  memcpy                                                                    
1001ca99  memset                                                                    
1001caaf  ti_sysbios_rom_cortexm_cc26xx_CC26xx_getRevision__E                       
20000000  ti_sysbios_family_arm_m3_Hwi_ramVectors                                   
20000100  ti_sysbios_knl_Task_Module__state__V                                      
20000144  ti_sysbios_family_arm_m3_Hwi_Module__state__V                             
20000178  ti_sysbios_knl_Clock_Module__state__V                                     
200001a4  ti_sysbios_BIOS_Module__state__V                                          
200001c8  ti_sysbios_knl_Swi_Module__state__V                                       
200001e4  ti_sysbios_family_arm_cc26xx_Timer_Module__state__V                       
200001ec  ti_sysbios_family_arm_cc26xx_TimestampProvider_Module__state__V           
200001f0  xdc_runtime_Startup_Module__state__V                                      
200001f8  xdc_runtime_System_Module__state__V                                       
20000200  xdc_runtime_Memory_Module__state__V                                       
20000600  ti_sysbios_knl_Task_Instance_State_0_stack__A                             
20000e00  ti_sysbios_family_arm_m3_Hwi_dispatchTable                                
20000ec8  ti_sysbios_heaps_HeapMem_Instance_State_0_buf__A                          
20000f08  ti_sysbios_family_arm_cc26xx_Timer_Module__root__V                        
20000f10  ti_sysbios_family_arm_m3_Hwi_Module__root__V                              
20000f18  ti_sysbios_family_arm_m3_Hwi_Object__table__V                             
20000f30  ti_sysbios_family_arm_m3_Hwi_Module_State_0_excActive__A                  
20000f34  ti_sysbios_family_arm_m3_Hwi_Module_State_0_excContext__A                 
20000f38  ti_sysbios_family_arm_m3_Hwi_Module_State_0_excStack__A                   
20000f3c  ti_sysbios_gates_GateHwi_Module__root__V                                  
20000f44  ti_sysbios_gates_GateHwi_Object__table__V                                 
20000f48  ti_sysbios_gates_GateMutex_Module__root__V                                
20000f50  ti_sysbios_hal_Hwi_Module__root__V                                        
20000f58  ti_sysbios_heaps_HeapMem_Module__root__V                                  
20000f60  ti_sysbios_heaps_HeapMem_Object__table__V                                 
20000f78  ti_sysbios_knl_Clock_Module__root__V                                      
20000f80  ti_sysbios_knl_Clock_Object__table__V                                     
20000fa0  ti_sysbios_knl_Event_Module__root__V                                      
20000fa8  ti_sysbios_knl_Mailbox_Module__root__V                                    
20000fb0  ti_sysbios_knl_Queue_Module__root__V                                      
20000fb8  ti_sysbios_knl_Semaphore_Module__root__V                                  
20000fc0  ti_sysbios_knl_Swi_Module__root__V                                        
20000fc8  ti_sysbios_knl_Task_Module__root__V                                       
20000fd0  ti_sysbios_knl_Task_Module_State_0_idleTask__A                            
20000fd4  xdc_runtime_System_Module_State_0_atexitHandlers__A                       
20000ff4  __xdc__init__addr                                                         
20000ff8  ti_sysbios_knl_Swi_Module_State_0_readyQ__A                               
20001078  ti_sysbios_knl_Task_Module_State_0_readyQ__A                              
200010f8  ti_sysbios_knl_Task_Object__table__V                                      
20001144  main_func_sp                                                              
20001148  ti_sysbios_family_arm_cc26xx_Timer_Object__table__V                       
20001190  ti_sysbios_gates_GateMutex_Object__table__V                               
200011c8  ti_sysbios_knl_Swi_Object__table__V                                       
200011f8  _lock                                                                     
200011fc  _unlock                                                                   
20001200  __TI_cleanup_ptr                                                          
20001204  __TI_dtors_ptr                                                            
20004000  __stack                                                                   
20005000  __STACK_END                                                               
20005000  __STACK_TOP                                                               
e000e000  ti_sysbios_family_arm_m3_Hwi_nvic                                         
ffffffff  __binit__                                                                 
ffffffff  __c_args__                                                                
ffffffff  binit                                                                     
UNDEFED   SHT$$INIT_ARRAY$$Base                                                     
UNDEFED   SHT$$INIT_ARRAY$$Limit                                                    
UNDEFED   __TI_CINIT_Base                                                           
UNDEFED   __TI_CINIT_Limit                                                          
UNDEFED   __TI_Handler_Table_Base                                                   
UNDEFED   __TI_Handler_Table_Limit                                                  

[583 symbols]
